
> uikit@0.1.0 build-storybook
> storybook build --output-dir C:\Users\DAVID~1.PEA\AppData\Local\Temp\chromatic--20520-t70p5yJRrg03

@storybook/cli v7.5.2

info => Cleaning outputDir: C:\Users\DAVID~1.PEA\AppData\Local\Temp\chromatic--20520-t70p5yJRrg03
info => Loading presets
info => Building manager..
info => Manager built (2.97 s)
info => Building preview..
info => Copying static files: C:\Users\david.peña\Desktop\Repo.storybook\StorybookAngular\uikit\node_modules\@storybook\manager\static at C:\Users\DAVID~1.PEA\AppData\Local\Temp\chromatic--20520-t70p5yJRrg03\sb-common-assets
info Addon-docs: using MDX2
info => Loading Webpack configuration from `node_modules\react-scripts`
info => Removing existing JavaScript and TypeScript rules.
info => Modifying Create React App rules.
info => Using default Webpack5 setup
Browserslist: caniuse-lite is outdated. Please run:
  npx update-browserslist-db@latest
  Why you should do it regularly: https://github.com/browserslist/update-db#readme
<s> [webpack.Progress] 0% 

<s> [webpack.Progress] 1% setup before run
<s> [webpack.Progress] 1% setup before run NodeEnvironmentPlugin
<s> [webpack.Progress] 1% setup before run
<s> [webpack.Progress] 2% setup run
<s> [webpack.Progress] 2% setup run ForkTsCheckerWebpackPlugin
<s> [webpack.Progress] 2% setup run ESLintWebpackPlugin_1
<s> [webpack.Progress] 2% setup run
<s> [webpack.Progress] 4% setup normal module factory
<s> [webpack.Progress] 4% setup normal module factory CaseSensitivePathsPlugin
<s> [webpack.Progress] 4% setup normal module factory ModuleNotFoundPlugin
<s> [webpack.Progress] 4% setup normal module factory IgnorePlugin
<s> [webpack.Progress] 4% setup normal module factory
<s> [webpack.Progress] 5% setup context module factory
<s> [webpack.Progress] 5% setup context module factory IgnorePlugin
<s> [webpack.Progress] 5% setup context module factory
<s> [webpack.Progress] 6% setup before compile
<s> [webpack.Progress] 6% setup before compile ProgressPlugin
<s> [webpack.Progress] 6% setup before compile
<s> [webpack.Progress] 7% setup compile
<s> [webpack.Progress] 7% setup compile ExternalsPlugin
<s> [webpack.Progress] 7% setup compile ExternalsPlugin
<s> [webpack.Progress] 7% setup compile
<s> [webpack.Progress] 8% setup compilation
<s> [webpack.Progress] 8% setup compilation unplugin-csf
<s> [webpack.Progress] 8% setup compilation mini-css-extract-plugin
<s> [webpack.Progress] 8% setup compilation ArrayPushCallbackChunkFormatPlugin
<s> [webpack.Progress] 8% setup compilation JsonpChunkLoadingPlugin
<s> [webpack.Progress] 8% setup compilation StartupChunkDependenciesPlugin
<s> [webpack.Progress] 8% setup compilation ImportScriptsChunkLoadingPlugin
<s> [webpack.Progress] 8% setup compilation FetchCompileWasmPlugin
<s> [webpack.Progress] 8% setup compilation FetchCompileAsyncWasmPlugin
<s> [webpack.Progress] 8% setup compilation WorkerPlugin
<s> [webpack.Progress] 8% setup compilation SplitChunksPlugin
<s> [webpack.Progress] 8% setup compilation RuntimeChunkPlugin
<s> [webpack.Progress] 8% setup compilation ResolverCachePlugin
<s> [webpack.Progress] 8% setup compilation HtmlWebpackPlugin
<s> [webpack.Progress] 8% setup compilation
<s> [webpack.Progress] 9% setup compilation
<s> [webpack.Progress] 9% setup compilation DefinePlugin
<s> [webpack.Progress] 9% setup compilation ProvidePlugin
<s> [webpack.Progress] 9% setup compilation ProgressPlugin
<s> [webpack.Progress] 9% setup compilation InlineChunkHtmlPlugin
<s> [webpack.Progress] 9% setup compilation InterpolateHtmlPlugin
<s> [webpack.Progress] 9% setup compilation mini-css-extract-plugin
<s> [webpack.Progress] 9% setup compilation ForkTsCheckerWebpackPlugin
<s> [webpack.Progress] 9% setup compilation DocGenPlugin
<s> [webpack.Progress] 9% setup compilation ChunkPrefetchPreloadPlugin
<s> [webpack.Progress] 9% setup compilation SourceMapDevToolPlugin
<s> [webpack.Progress] 9% setup compilation JavascriptModulesPlugin
<s> [webpack.Progress] 9% setup compilation JsonModulesPlugin
<s> [webpack.Progress] 9% setup compilation AssetModulesPlugin
<s> [webpack.Progress] 9% setup compilation EntryPlugin
<s> [webpack.Progress] 9% setup compilation RuntimePlugin
<s> [webpack.Progress] 9% setup compilation InferAsyncModulesPlugin
<s> [webpack.Progress] 9% setup compilation DataUriPlugin
<s> [webpack.Progress] 9% setup compilation FileUriPlugin
<s> [webpack.Progress] 9% setup compilation CompatibilityPlugin
<s> [webpack.Progress] 9% setup compilation HarmonyModulesPlugin
<s> [webpack.Progress] 9% setup compilation AMDPlugin
<s> [webpack.Progress] 9% setup compilation RequireJsStuffPlugin
<s> [webpack.Progress] 9% setup compilation CommonJsPlugin
<s> [webpack.Progress] 9% setup compilation LoaderPlugin
<s> [webpack.Progress] 9% setup compilation LoaderPlugin
<s> [webpack.Progress] 9% setup compilation NodeStuffPlugin
<s> [webpack.Progress] 9% setup compilation APIPlugin
<s> [webpack.Progress] 9% setup compilation ExportsInfoApiPlugin
<s> [webpack.Progress] 9% setup compilation WebpackIsIncludedPlugin
<s> [webpack.Progress] 9% setup compilation ConstPlugin
<s> [webpack.Progress] 9% setup compilation UseStrictPlugin
<s> [webpack.Progress] 9% setup compilation RequireIncludePlugin
<s> [webpack.Progress] 9% setup compilation RequireEnsurePlugin
<s> [webpack.Progress] 9% setup compilation RequireContextPlugin
<s> [webpack.Progress] 9% setup compilation ImportPlugin
<s> [webpack.Progress] 9% setup compilation ImportMetaContextPlugin
<s> [webpack.Progress] 9% setup compilation SystemPlugin
<s> [webpack.Progress] 9% setup compilation ImportMetaPlugin
<s> [webpack.Progress] 9% setup compilation URLPlugin
<s> [webpack.Progress] 9% setup compilation DefaultStatsFactoryPlugin
<s> [webpack.Progress] 9% setup compilation DefaultStatsPresetPlugin
<s> [webpack.Progress] 9% setup compilation DefaultStatsPrinterPlugin
<s> [webpack.Progress] 9% setup compilation JavascriptMetaInfoPlugin
<s> [webpack.Progress] 9% setup compilation EnsureChunkConditionsPlugin
<s> [webpack.Progress] 9% setup compilation RemoveEmptyChunksPlugin
<s> [webpack.Progress] 9% setup compilation MergeDuplicateChunksPlugin
<s> [webpack.Progress] 9% setup compilation FlagIncludedChunksPlugin
<s> [webpack.Progress] 9% setup compilation SideEffectsFlagPlugin
<s> [webpack.Progress] 9% setup compilation FlagDependencyExportsPlugin
<s> [webpack.Progress] 9% setup compilation FlagDependencyUsagePlugin
<s> [webpack.Progress] 9% setup compilation InnerGraphPlugin
<s> [webpack.Progress] 9% setup compilation MangleExportsPlugin
<s> [webpack.Progress] 9% setup compilation ModuleConcatenationPlugin
<s> [webpack.Progress] 9% setup compilation NoEmitOnErrorsPlugin
<s> [webpack.Progress] 9% setup compilation RealContentHashPlugin
<s> [webpack.Progress] 9% setup compilation WasmFinalizeExportsPlugin
<s> [webpack.Progress] 9% setup compilation NamedModuleIdsPlugin
<s> [webpack.Progress] 9% setup compilation DeterministicChunkIdsPlugin
<s> [webpack.Progress] 9% setup compilation DefinePlugin
<s> [webpack.Progress] 9% setup compilation TerserPlugin
<s> [webpack.Progress] 9% setup compilation TemplatedPathPlugin
<s> [webpack.Progress] 9% setup compilation RecordIdsPlugin
<s> [webpack.Progress] 9% setup compilation WarnCaseSensitiveModulesPlugin
<s> [webpack.Progress] 9% setup compilation IgnoreWarningsPlugin
<s> [webpack.Progress] 9% setup compilation ESLintWebpackPlugin_1
<s> [webpack.Progress] 9% setup compilation
<s> [webpack.Progress] 10% building
<s> [webpack.Progress] 10% building 0/1 entries 0/0 dependencies 0/0 modules
<s> [webpack.Progress] 10% building 0/1 entries 1/1 dependencies 0/0 modules
<s> [webpack.Progress] 19% building import loader ./node_modules/react-scripts/node_modules/babel-loader/lib/index.js
<s> [webpack.Progress] 19% building import loader ./node_modules/source-map-loader/dist/cjs.js
<s> [webpack.Progress] 19% building 0/1 entries 17/86 dependencies 3/17 modules
<s> [webpack.Progress] 24% building import loader ./node_modules/@storybook/mdx2-csf/loader.js
<s> [webpack.Progress] 24% building 0/1 entries 33/105 dependencies 7/27 modules
info => Copying static files: C:\Users\david.peña\Desktop\Repo.storybook\StorybookAngular\uikit\public at C:\Users\DAVID~1.PEA\AppData\Local\Temp\chromatic--20520-t70p5yJRrg03\
<s> [webpack.Progress] 22% building 0/1 entries 42/139 dependencies 8/34 modules
<s> [webpack.Progress] 16% building import loader ./node_modules/unplugin/dist/webpack/loaders/load.js
<s> [webpack.Progress] 16% building 0/1 entries 104/139 dependencies 8/66 modules
<s> [webpack.Progress] 17% building 0/1 entries 126/159 dependencies 10/76 modules
<s> [webpack.Progress] 18% building 0/1 entries 137/163 dependencies 12/82 modules
<s> [webpack.Progress] 25% building 0/1 entries 300/551 dependencies 27/98 modules
<s> [webpack.Progress] 24% building import loader ./node_modules/mini-css-extract-plugin/dist/loader.js
<s> [webpack.Progress] 24% building import loader ./node_modules/css-loader/dist/cjs.js
<s> [webpack.Progress] 24% building import loader ./node_modules/postcss-loader/dist/cjs.js
<s> [webpack.Progress] 24% building 0/1 entries 477/551 dependencies 28/108 modules
[0;33mOne of your dependencies, babel-preset-react-app, is importing the
"@babel/plugin-proposal-private-property-in-object" package without
declaring it in its dependencies. This is currently working because
"@babel/plugin-proposal-private-property-in-object" is already in your
node_modules folder for unrelated reasons, but it [1mmay break at any time[0;33m.

babel-preset-react-app is part of the create-react-app project, [1mwhich
is not maintianed anymore[0;33m. It is thus unlikely that this bug will
ever be fixed. Add "@babel/plugin-proposal-private-property-in-object" to
your devDependencies to work around this error. This will make this message
go away.[0m
  
<s> [webpack.Progress] 22% building 0/1 entries 543/566 dependencies 30/133 modules
<s> [webpack.Progress] 22% building 0/1 entries 560/600 dependencies 32/140 modules
<s> [webpack.Progress] 13% building 0/1 entries 638/11562 dependencies 34/200 modules
<s> [webpack.Progress] 12% building 0/1 entries 1300/11562 dependencies 34/861 modules
<s> [webpack.Progress] 11% building 0/1 entries 2038/11562 dependencies 34/1600 modules
<s> [webpack.Progress] 10% building 0/1 entries 2800/11562 dependencies 34/2361 modules
<s> [webpack.Progress] 10% building 0/1 entries 3600/11562 dependencies 34/3161 modules
<s> [webpack.Progress] 10% building 0/1 entries 4338/11562 dependencies 34/3900 modules
<s> [webpack.Progress] 10% building 0/1 entries 5100/11562 dependencies 34/4661 modules
<s> [webpack.Progress] 10% building 0/1 entries 5900/11562 dependencies 34/5461 modules
<s> [webpack.Progress] 10% building 0/1 entries 6700/11562 dependencies 34/6261 modules
<s> [webpack.Progress] 10% building 0/1 entries 7400/11562 dependencies 34/6961 modules
<s> [webpack.Progress] 10% building 0/1 entries 8200/11562 dependencies 34/7761 modules
<s> [webpack.Progress] 10% building 0/1 entries 8900/11562 dependencies 34/8461 modules
<s> [webpack.Progress] 10% building 0/1 entries 9638/11562 dependencies 34/9200 modules
<s> [webpack.Progress] 10% building 0/1 entries 10400/11562 dependencies 34/9961 modules
<s> [webpack.Progress] 10% building 0/1 entries 11138/11562 dependencies 34/10700 modules
<s> [webpack.Progress] 10% building 0/1 entries 11575/11700 dependencies 44/11067 modules
<s> [webpack.Progress] 10% building 0/1 entries 11928/12000 dependencies 61/11324 modules
<s> [webpack.Progress] 10% building 0/1 entries 12446/12479 dependencies 61/11500 modules
<s> [webpack.Progress] 10% building 0/1 entries 13155/13200 dependencies 62/11533 modules
<s> [webpack.Progress] 10% building 0/1 entries 13800/13957 dependencies 62/11533 modules
<s> [webpack.Progress] 10% building 0/1 entries 14693/14800 dependencies 62/11533 modules
<s> [webpack.Progress] 10% building 0/1 entries 15600/15613 dependencies 62/11533 modules
<s> [webpack.Progress] 10% building 0/1 entries 16400/16415 dependencies 62/11533 modules
<s> [webpack.Progress] 10% building 0/1 entries 17098/17200 dependencies 62/11533 modules
<s> [webpack.Progress] 10% building 0/1 entries 17831/17900 dependencies 62/11533 modules
<s> [webpack.Progress] 10% building 0/1 entries 18615/18700 dependencies 62/11533 modules
<s> [webpack.Progress] 10% building 0/1 entries 19442/19500 dependencies 62/11533 modules
<s> [webpack.Progress] 10% building 0/1 entries 20216/20300 dependencies 62/11533 modules
<s> [webpack.Progress] 10% building 0/1 entries 21053/21100 dependencies 62/11533 modules
<s> [webpack.Progress] 10% building 0/1 entries 21700/21819 dependencies 62/11533 modules
<s> [webpack.Progress] 10% building 0/1 entries 22219/22300 dependencies 62/11533 modules
<s> [webpack.Progress] 10% building 0/1 entries 23100/23188 dependencies 62/11533 modules
<s> [webpack.Progress] 10% building 0/1 entries 23900/23997 dependencies 62/11533 modules
<s> [webpack.Progress] 10% building 0/1 entries 24600/24615 dependencies 62/11533 modules
<s> [webpack.Progress] 10% building 0/1 entries 25421/25500 dependencies 62/11533 modules
<s> [webpack.Progress] 10% building 0/1 entries 26260/26300 dependencies 62/11533 modules
<s> [webpack.Progress] 10% building 0/1 entries 27057/27100 dependencies 62/11533 modules
<s> [webpack.Progress] 10% building 0/1 entries 27710/27800 dependencies 62/11533 modules
<s> [webpack.Progress] 10% building 0/1 entries 28400/28428 dependencies 62/11533 modules
<s> [webpack.Progress] 10% building 0/1 entries 29116/29200 dependencies 62/11533 modules
<s> [webpack.Progress] 10% building 0/1 entries 30000/30086 dependencies 62/11533 modules
<s> [webpack.Progress] 10% building 0/1 entries 30889/30900 dependencies 62/11533 modules
<s> [webpack.Progress] 10% building 0/1 entries 31889/31900 dependencies 62/11533 modules
<s> [webpack.Progress] 10% building 0/1 entries 32731/32800 dependencies 62/11533 modules
<s> [webpack.Progress] 10% building import loader ./node_modules/@svgr/webpack/lib/index.js
<s> [webpack.Progress] 10% building import loader ./node_modules/file-loader/dist/cjs.js
<s> [webpack.Progress] 10% building 0/1 entries 33494/33494 dependencies 93/11533 modules
<s> [webpack.Progress] 11% building 0/1 entries 33700/33855 dependencies 230/11545 modules
<s> [webpack.Progress] 11% building 0/1 entries 33978/34400 dependencies 268/11592 modules
<s> [webpack.Progress] 11% building 0/1 entries 34441/34700 dependencies 319/11617 modules
<s> [webpack.Progress] 11% building 0/1 entries 35097/35200 dependencies 387/11670 modules
<s> [webpack.Progress] 61% building 0/1 entries 35600/35685 dependencies 11043/11777 modules
<s> [webpack.Progress] 61% building 0/1 entries 36023/36100 dependencies 11235/11894 modules
<s> [webpack.Progress] 62% building 0/1 entries 36400/36572 dependencies 11356/11989 modules
<s> [webpack.Progress] 61% building 0/1 entries 36570/36800 dependencies 11380/12078 modules
<s> [webpack.Progress] 62% building 0/1 entries 37283/37352 dependencies 11645/12300 modules
<s> [webpack.Progress] 61% building 0/1 entries 37734/37900 dependencies 11676/12396 modules
<s> [webpack.Progress] 62% building 0/1 entries 38450/38500 dependencies 11858/12445 modules
<s> [webpack.Progress] 62% building 0/1 entries 39052/39185 dependencies 12000/12487 modules
<s> [webpack.Progress] 64% building 0/1 entries 39700/39727 dependencies 12475/12598 modules
<s> [webpack.Progress] 65% building 1/1 entries 39815/39815 dependencies 12631/12631 modules
<s> [webpack.Progress] 65% building
<s> [webpack.Progress] 69% building finish
<s> [webpack.Progress] 69% building finish
<s> [webpack.Progress] 70% sealing finish module graph
<s> [webpack.Progress] 70% sealing finish module graph ResolverCachePlugin
<s> [webpack.Progress] 70% sealing finish module graph InferAsyncModulesPlugin
<s> [webpack.Progress] 70% sealing finish module graph FlagDependencyExportsPlugin
<s> [webpack.Progress] 70% sealing finish module graph InnerGraphPlugin
<s> [webpack.Progress] 70% sealing finish module graph WasmFinalizeExportsPlugin
<s> [webpack.Progress] 70% sealing finish module graph ESLintWebpackPlugin_1
<s> [webpack.Progress] 70% sealing finish module graph
<s> [webpack.Progress] 70% sealing plugins
<s> [webpack.Progress] 70% sealing plugins DocGenPlugin
<s> [webpack.Progress] 70% sealing plugins WarnCaseSensitiveModulesPlugin
<s> [webpack.Progress] 70% sealing plugins
<s> [webpack.Progress] 71% sealing dependencies optimization
<s> [webpack.Progress] 71% sealing dependencies optimization SideEffectsFlagPlugin
<s> [webpack.Progress] 71% sealing dependencies optimization FlagDependencyUsagePlugin
<s> [webpack.Progress] 71% sealing dependencies optimization
<s> [webpack.Progress] 71% sealing after dependencies optimization
<s> [webpack.Progress] 71% sealing after dependencies optimization
<s> [webpack.Progress] 72% sealing chunk graph
<s> [webpack.Progress] 72% sealing chunk graph
<s> [webpack.Progress] 73% sealing after chunk graph
<s> [webpack.Progress] 73% sealing after chunk graph
<s> [webpack.Progress] 73% sealing optimizing
<s> [webpack.Progress] 73% sealing optimizing
<s> [webpack.Progress] 74% sealing module optimization
<s> [webpack.Progress] 74% sealing module optimization
<s> [webpack.Progress] 75% sealing after module optimization
<s> [webpack.Progress] 75% sealing after module optimization
<s> [webpack.Progress] 75% sealing chunk optimization
<s> [webpack.Progress] 75% sealing chunk optimization EnsureChunkConditionsPlugin
<s> [webpack.Progress] 75% sealing chunk optimization RemoveEmptyChunksPlugin
<s> [webpack.Progress] 75% sealing chunk optimization MergeDuplicateChunksPlugin
<s> [webpack.Progress] 75% sealing chunk optimization SplitChunksPlugin
<s> [webpack.Progress] 75% sealing chunk optimization RemoveEmptyChunksPlugin
<s> [webpack.Progress] 75% sealing chunk optimization
<s> [webpack.Progress] 76% sealing after chunk optimization
<s> [webpack.Progress] 76% sealing after chunk optimization
<s> [webpack.Progress] 77% sealing module and chunk tree optimization
<s> [webpack.Progress] 77% sealing module and chunk tree optimization PersistentChildCompilerSingletonPlugin
<s> [webpack.Progress] 77% sealing module and chunk tree optimization
<s> [webpack.Progress] 77% sealing after module and chunk tree optimization
<s> [webpack.Progress] 77% sealing after module and chunk tree optimization
<s> [webpack.Progress] 78% sealing chunk modules optimization
<s> [webpack.Progress] 78% sealing chunk modules optimization ModuleConcatenationPlugin
<s> [webpack.Progress] 78% sealing chunk modules optimization
<s> [webpack.Progress] 78% sealing after chunk modules optimization
<s> [webpack.Progress] 78% sealing after chunk modules optimization
<s> [webpack.Progress] 79% sealing module reviving
<s> [webpack.Progress] 79% sealing module reviving RecordIdsPlugin
<s> [webpack.Progress] 79% sealing module reviving
<s> [webpack.Progress] 80% sealing before module ids
<s> [webpack.Progress] 80% sealing before module ids
<s> [webpack.Progress] 80% sealing module ids
<s> [webpack.Progress] 80% sealing module ids NamedModuleIdsPlugin
<s> [webpack.Progress] 80% sealing module ids
<s> [webpack.Progress] 81% sealing module id optimization
<s> [webpack.Progress] 81% sealing module id optimization
<s> [webpack.Progress] 82% sealing module id optimization
<s> [webpack.Progress] 82% sealing module id optimization
<s> [webpack.Progress] 82% sealing chunk reviving
<s> [webpack.Progress] 82% sealing chunk reviving RecordIdsPlugin
<s> [webpack.Progress] 82% sealing chunk reviving
<s> [webpack.Progress] 83% sealing before chunk ids
<s> [webpack.Progress] 83% sealing before chunk ids
<s> [webpack.Progress] 84% sealing chunk ids
<s> [webpack.Progress] 84% sealing chunk ids DeterministicChunkIdsPlugin
<s> [webpack.Progress] 84% sealing chunk ids
<s> [webpack.Progress] 84% sealing chunk id optimization
<s> [webpack.Progress] 84% sealing chunk id optimization FlagIncludedChunksPlugin
<s> [webpack.Progress] 84% sealing chunk id optimization
<s> [webpack.Progress] 85% sealing after chunk id optimization
<s> [webpack.Progress] 85% sealing after chunk id optimization
<s> [webpack.Progress] 86% sealing record modules
<s> [webpack.Progress] 86% sealing record modules RecordIdsPlugin
<s> [webpack.Progress] 86% sealing record modules
<s> [webpack.Progress] 86% sealing record chunks
<s> [webpack.Progress] 86% sealing record chunks RecordIdsPlugin
<s> [webpack.Progress] 86% sealing record chunks
<s> [webpack.Progress] 87% sealing module hashing
<s> [webpack.Progress] 87% sealing module hashing
<s> [webpack.Progress] 87% sealing code generation
<s> [webpack.Progress] 87% sealing code generation
<s> [webpack.Progress] 88% sealing runtime requirements
<s> [webpack.Progress] 88% sealing runtime requirements
<s> [webpack.Progress] 89% sealing hashing
<s> [webpack.Progress] 89% sealing hashing
<s> [webpack.Progress] 89% sealing after hashing
<s> [webpack.Progress] 89% sealing after hashing
<s> [webpack.Progress] 90% sealing record hash
<s> [webpack.Progress] 90% sealing record hash
<s> [webpack.Progress] 91% sealing module assets processing
<s> [webpack.Progress] 91% sealing module assets processing
<s> [webpack.Progress] 91% sealing chunk assets processing
<s> [webpack.Progress] 91% sealing chunk assets processing
<s> [webpack.Progress] 92% sealing asset processing
<s> [webpack.Progress] 92% sealing asset processing ESLintWebpackPlugin_1
<s> [webpack.Progress] 92% sealing asset processing PersistentChildCompilerSingletonPlugin
<s> [webpack.Progress] 92% sealing asset processing TerserPlugin
<s> [webpack.Progress] 92% sealing asset processing SourceMapDevToolPlugin
<s> [webpack.Progress] 92% sealing asset processing SourceMapDevToolPlugin
<s> [webpack.Progress] 92% sealing asset processing SourceMapDevToolPlugin main.aae35c4a.iframe.bundle.js generate SourceMap
<s> [webpack.Progress] 92% sealing asset processing SourceMapDevToolPlugin main.aae35c4a.iframe.bundle.js generated SourceMap
<s> [webpack.Progress] 92% sealing asset processing SourceMapDevToolPlugin runtime~main.bef867eb.iframe.bundle.js generate SourceMap
<s> [webpack.Progress] 92% sealing asset processing SourceMapDevToolPlugin runtime~main.bef867eb.iframe.bundle.js generated SourceMap
<s> [webpack.Progress] 92% sealing asset processing SourceMapDevToolPlugin stories-introduccion-Introduction-mdx.41b8fa22.iframe.bundle.js generate SourceMap
<s> [webpack.Progress] 92% sealing asset processing SourceMapDevToolPlugin stories-introduccion-Introduction-mdx.41b8fa22.iframe.bundle.js generated SourceMap
<s> [webpack.Progress] 92% sealing asset processing SourceMapDevToolPlugin stories-introduccion-colors-mdx.a51e86ec.iframe.bundle.js generate SourceMap
<s> [webpack.Progress] 92% sealing asset processing SourceMapDevToolPlugin stories-introduccion-colors-mdx.a51e86ec.iframe.bundle.js generated SourceMap
<s> [webpack.Progress] 92% sealing asset processing SourceMapDevToolPlugin stories-introduccion-dynamicColor-mdx.74a11ddd.iframe.bundle.js generate SourceMap
<s> [webpack.Progress] 92% sealing asset processing SourceMapDevToolPlugin stories-introduccion-dynamicColor-mdx.74a11ddd.iframe.bundle.js generated SourceMap
<s> [webpack.Progress] 92% sealing asset processing SourceMapDevToolPlugin stories-introduccion-tipografia-react-mdx.dfac22b6.iframe.bundle.js generate SourceMap
<s> [webpack.Progress] 92% sealing asset processing SourceMapDevToolPlugin stories-introduccion-tipografia-react-mdx.dfac22b6.iframe.bundle.js generated SourceMap
<s> [webpack.Progress] 92% sealing asset processing SourceMapDevToolPlugin static/css/stories-FooterAction-footerAction-stories.602ac88b.chunk.css generate SourceMap
<s> [webpack.Progress] 92% sealing asset processing SourceMapDevToolPlugin static/css/stories-FooterAction-footerAction-stories.602ac88b.chunk.css generated SourceMap
<s> [webpack.Progress] 92% sealing asset processing SourceMapDevToolPlugin stories-FooterAction-footerAction-stories.3407b52d.iframe.bundle.js generate SourceMap
<s> [webpack.Progress] 92% sealing asset processing SourceMapDevToolPlugin stories-FooterAction-footerAction-stories.3407b52d.iframe.bundle.js generated SourceMap
<s> [webpack.Progress] 92% sealing asset processing SourceMapDevToolPlugin static/css/stories-acordion-stories.0d30ec64.chunk.css generate SourceMap
<s> [webpack.Progress] 92% sealing asset processing SourceMapDevToolPlugin static/css/stories-acordion-stories.0d30ec64.chunk.css generated SourceMap
<s> [webpack.Progress] 92% sealing asset processing SourceMapDevToolPlugin stories-acordion-stories.893aff5c.iframe.bundle.js generate SourceMap
<s> [webpack.Progress] 92% sealing asset processing SourceMapDevToolPlugin stories-acordion-stories.893aff5c.iframe.bundle.js generated SourceMap
<s> [webpack.Progress] 92% sealing asset processing SourceMapDevToolPlugin static/css/stories-autocomplete-stories.0d30ec64.chunk.css generate SourceMap
<s> [webpack.Progress] 92% sealing asset processing SourceMapDevToolPlugin static/css/stories-autocomplete-stories.0d30ec64.chunk.css generated SourceMap
<s> [webpack.Progress] 92% sealing asset processing SourceMapDevToolPlugin stories-autocomplete-stories.e1acc128.iframe.bundle.js generate SourceMap
<s> [webpack.Progress] 92% sealing asset processing SourceMapDevToolPlugin stories-autocomplete-stories.e1acc128.iframe.bundle.js generated SourceMap
<s> [webpack.Progress] 92% sealing asset processing SourceMapDevToolPlugin static/css/stories-avatar-stories.0d30ec64.chunk.css generate SourceMap
<s> [webpack.Progress] 92% sealing asset processing SourceMapDevToolPlugin static/css/stories-avatar-stories.0d30ec64.chunk.css generated SourceMap
<s> [webpack.Progress] 92% sealing asset processing SourceMapDevToolPlugin stories-avatar-stories.064c1768.iframe.bundle.js generate SourceMap
<s> [webpack.Progress] 92% sealing asset processing SourceMapDevToolPlugin stories-avatar-stories.064c1768.iframe.bundle.js generated SourceMap
<s> [webpack.Progress] 92% sealing asset processing SourceMapDevToolPlugin static/css/stories-button-stories.0d30ec64.chunk.css generate SourceMap
<s> [webpack.Progress] 92% sealing asset processing SourceMapDevToolPlugin static/css/stories-button-stories.0d30ec64.chunk.css generated SourceMap
<s> [webpack.Progress] 92% sealing asset processing SourceMapDevToolPlugin stories-button-stories.74fdee53.iframe.bundle.js generate SourceMap
<s> [webpack.Progress] 92% sealing asset processing SourceMapDevToolPlugin stories-button-stories.74fdee53.iframe.bundle.js generated SourceMap
<s> [webpack.Progress] 92% sealing asset processing SourceMapDevToolPlugin static/css/stories-buttonGroup-stories.0d30ec64.chunk.css generate SourceMap
<s> [webpack.Progress] 92% sealing asset processing SourceMapDevToolPlugin static/css/stories-buttonGroup-stories.0d30ec64.chunk.css generated SourceMap
<s> [webpack.Progress] 92% sealing asset processing SourceMapDevToolPlugin stories-buttonGroup-stories.b5df4b24.iframe.bundle.js generate SourceMap
<s> [webpack.Progress] 92% sealing asset processing SourceMapDevToolPlugin stories-buttonGroup-stories.b5df4b24.iframe.bundle.js generated SourceMap
<s> [webpack.Progress] 92% sealing asset processing SourceMapDevToolPlugin static/css/stories-buttonToggle-stories.0d30ec64.chunk.css generate SourceMap
<s> [webpack.Progress] 92% sealing asset processing SourceMapDevToolPlugin static/css/stories-buttonToggle-stories.0d30ec64.chunk.css generated SourceMap
<s> [webpack.Progress] 92% sealing asset processing SourceMapDevToolPlugin stories-buttonToggle-stories.21ee4f71.iframe.bundle.js generate SourceMap
<s> [webpack.Progress] 92% sealing asset processing SourceMapDevToolPlugin stories-buttonToggle-stories.21ee4f71.iframe.bundle.js generated SourceMap
<s> [webpack.Progress] 92% sealing asset processing SourceMapDevToolPlugin static/css/stories-checkbox-stories.0d30ec64.chunk.css generate SourceMap
<s> [webpack.Progress] 92% sealing asset processing SourceMapDevToolPlugin static/css/stories-checkbox-stories.0d30ec64.chunk.css generated SourceMap
<s> [webpack.Progress] 92% sealing asset processing SourceMapDevToolPlugin stories-checkbox-stories.72c29e73.iframe.bundle.js generate SourceMap
<s> [webpack.Progress] 92% sealing asset processing SourceMapDevToolPlugin stories-checkbox-stories.72c29e73.iframe.bundle.js generated SourceMap
<s> [webpack.Progress] 92% sealing asset processing SourceMapDevToolPlugin static/css/stories-chip-stories.0d30ec64.chunk.css generate SourceMap
<s> [webpack.Progress] 92% sealing asset processing SourceMapDevToolPlugin static/css/stories-chip-stories.0d30ec64.chunk.css generated SourceMap
<s> [webpack.Progress] 92% sealing asset processing SourceMapDevToolPlugin stories-chip-stories.2b778e76.iframe.bundle.js generate SourceMap
<s> [webpack.Progress] 92% sealing asset processing SourceMapDevToolPlugin stories-chip-stories.2b778e76.iframe.bundle.js generated SourceMap
<s> [webpack.Progress] 92% sealing asset processing SourceMapDevToolPlugin static/css/stories-datagrid-stories.bb69aa2f.chunk.css generate SourceMap
<s> [webpack.Progress] 92% sealing asset processing SourceMapDevToolPlugin static/css/stories-datagrid-stories.bb69aa2f.chunk.css generated SourceMap
<s> [webpack.Progress] 92% sealing asset processing SourceMapDevToolPlugin stories-datagrid-stories.412c7265.iframe.bundle.js generate SourceMap
<s> [webpack.Progress] 92% sealing asset processing SourceMapDevToolPlugin stories-datagrid-stories.412c7265.iframe.bundle.js generated SourceMap
<s> [webpack.Progress] 92% sealing asset processing SourceMapDevToolPlugin static/css/stories-drawer-drawer-stories.602ac88b.chunk.css generate SourceMap
<s> [webpack.Progress] 92% sealing asset processing SourceMapDevToolPlugin static/css/stories-drawer-drawer-stories.602ac88b.chunk.css generated SourceMap
<s> [webpack.Progress] 92% sealing asset processing SourceMapDevToolPlugin stories-drawer-drawer-stories.50a632e2.iframe.bundle.js generate SourceMap
<s> [webpack.Progress] 92% sealing asset processing SourceMapDevToolPlugin stories-drawer-drawer-stories.50a632e2.iframe.bundle.js generated SourceMap
<s> [webpack.Progress] 92% sealing asset processing SourceMapDevToolPlugin stories-emptyState-EmptyState-stories.6c783b67.iframe.bundle.js generate SourceMap
<s> [webpack.Progress] 92% sealing asset processing SourceMapDevToolPlugin stories-emptyState-EmptyState-stories.6c783b67.iframe.bundle.js generated SourceMap
<s> [webpack.Progress] 92% sealing asset processing SourceMapDevToolPlugin static/css/stories-fab-stories.0d30ec64.chunk.css generate SourceMap
<s> [webpack.Progress] 92% sealing asset processing SourceMapDevToolPlugin static/css/stories-fab-stories.0d30ec64.chunk.css generated SourceMap
<s> [webpack.Progress] 92% sealing asset processing SourceMapDevToolPlugin stories-fab-stories.c0629218.iframe.bundle.js generate SourceMap
<s> [webpack.Progress] 92% sealing asset processing SourceMapDevToolPlugin stories-fab-stories.c0629218.iframe.bundle.js generated SourceMap
<s> [webpack.Progress] 92% sealing asset processing SourceMapDevToolPlugin static/css/stories-icons-stories.0d30ec64.chunk.css generate SourceMap
<s> [webpack.Progress] 92% sealing asset processing SourceMapDevToolPlugin static/css/stories-icons-stories.0d30ec64.chunk.css generated SourceMap
<s> [webpack.Progress] 92% sealing asset processing SourceMapDevToolPlugin stories-icons-stories.207a8282.iframe.bundle.js generate SourceMap
<s> [webpack.Progress] 92% sealing asset processing SourceMapDevToolPlugin stories-icons-stories.207a8282.iframe.bundle.js generated SourceMap
<s> [webpack.Progress] 92% sealing asset processing SourceMapDevToolPlugin static/css/stories-list-stories.0d30ec64.chunk.css generate SourceMap
<s> [webpack.Progress] 92% sealing asset processing SourceMapDevToolPlugin static/css/stories-list-stories.0d30ec64.chunk.css generated SourceMap
<s> [webpack.Progress] 92% sealing asset processing SourceMapDevToolPlugin stories-list-stories.1596da8f.iframe.bundle.js generate SourceMap
<s> [webpack.Progress] 92% sealing asset processing SourceMapDevToolPlugin stories-list-stories.1596da8f.iframe.bundle.js generated SourceMap
<s> [webpack.Progress] 92% sealing asset processing SourceMapDevToolPlugin static/css/stories-menu-stories.0d30ec64.chunk.css generate SourceMap
<s> [webpack.Progress] 92% sealing asset processing SourceMapDevToolPlugin static/css/stories-menu-stories.0d30ec64.chunk.css generated SourceMap
<s> [webpack.Progress] 92% sealing asset processing SourceMapDevToolPlugin stories-menu-stories.1f2455ce.iframe.bundle.js generate SourceMap
<s> [webpack.Progress] 92% sealing asset processing SourceMapDevToolPlugin stories-menu-stories.1f2455ce.iframe.bundle.js generated SourceMap
<s> [webpack.Progress] 92% sealing asset processing SourceMapDevToolPlugin static/css/stories-pageHeader-PageHeader-stories.0d30ec64.chunk.css generate SourceMap
<s> [webpack.Progress] 92% sealing asset processing SourceMapDevToolPlugin static/css/stories-pageHeader-PageHeader-stories.0d30ec64.chunk.css generated SourceMap
<s> [webpack.Progress] 92% sealing asset processing SourceMapDevToolPlugin stories-pageHeader-PageHeader-stories.af4c7dec.iframe.bundle.js generate SourceMap
<s> [webpack.Progress] 92% sealing asset processing SourceMapDevToolPlugin stories-pageHeader-PageHeader-stories.af4c7dec.iframe.bundle.js generated SourceMap
<s> [webpack.Progress] 92% sealing asset processing SourceMapDevToolPlugin static/css/stories-pagination-stories.0d30ec64.chunk.css generate SourceMap
<s> [webpack.Progress] 92% sealing asset processing SourceMapDevToolPlugin static/css/stories-pagination-stories.0d30ec64.chunk.css generated SourceMap
<s> [webpack.Progress] 92% sealing asset processing SourceMapDevToolPlugin stories-pagination-stories.ad29d62c.iframe.bundle.js generate SourceMap
<s> [webpack.Progress] 92% sealing asset processing SourceMapDevToolPlugin stories-pagination-stories.ad29d62c.iframe.bundle.js generated SourceMap
<s> [webpack.Progress] 92% sealing asset processing SourceMapDevToolPlugin static/css/stories-poper-stories.0d30ec64.chunk.css generate SourceMap
<s> [webpack.Progress] 92% sealing asset processing SourceMapDevToolPlugin static/css/stories-poper-stories.0d30ec64.chunk.css generated SourceMap
<s> [webpack.Progress] 92% sealing asset processing SourceMapDevToolPlugin stories-poper-stories.66c869c3.iframe.bundle.js generate SourceMap
<s> [webpack.Progress] 92% sealing asset processing SourceMapDevToolPlugin stories-poper-stories.66c869c3.iframe.bundle.js generated SourceMap
<s> [webpack.Progress] 92% sealing asset processing SourceMapDevToolPlugin static/css/stories-popover-stories.0d30ec64.chunk.css generate SourceMap
<s> [webpack.Progress] 92% sealing asset processing SourceMapDevToolPlugin static/css/stories-popover-stories.0d30ec64.chunk.css generated SourceMap
<s> [webpack.Progress] 92% sealing asset processing SourceMapDevToolPlugin stories-popover-stories.ec8b9573.iframe.bundle.js generate SourceMap
<s> [webpack.Progress] 92% sealing asset processing SourceMapDevToolPlugin stories-popover-stories.ec8b9573.iframe.bundle.js generated SourceMap
<s> [webpack.Progress] 92% sealing asset processing SourceMapDevToolPlugin static/css/stories-progress-stories.0d30ec64.chunk.css generate SourceMap
<s> [webpack.Progress] 92% sealing asset processing SourceMapDevToolPlugin static/css/stories-progress-stories.0d30ec64.chunk.css generated SourceMap
<s> [webpack.Progress] 92% sealing asset processing SourceMapDevToolPlugin stories-progress-stories.02640f81.iframe.bundle.js generate SourceMap
<s> [webpack.Progress] 92% sealing asset processing SourceMapDevToolPlugin stories-progress-stories.02640f81.iframe.bundle.js generated SourceMap
<s> [webpack.Progress] 92% sealing asset processing SourceMapDevToolPlugin static/css/stories-radio-stories.0d30ec64.chunk.css generate SourceMap
<s> [webpack.Progress] 92% sealing asset processing SourceMapDevToolPlugin static/css/stories-radio-stories.0d30ec64.chunk.css generated SourceMap
<s> [webpack.Progress] 92% sealing asset processing SourceMapDevToolPlugin stories-radio-stories.92b4255a.iframe.bundle.js generate SourceMap
<s> [webpack.Progress] 92% sealing asset processing SourceMapDevToolPlugin stories-radio-stories.92b4255a.iframe.bundle.js generated SourceMap
<s> [webpack.Progress] 92% sealing asset processing SourceMapDevToolPlugin stories-ratign-stories.448daf68.iframe.bundle.js generate SourceMap
<s> [webpack.Progress] 92% sealing asset processing SourceMapDevToolPlugin stories-ratign-stories.448daf68.iframe.bundle.js generated SourceMap
<s> [webpack.Progress] 92% sealing asset processing SourceMapDevToolPlugin static/css/stories-select-stories.0d30ec64.chunk.css generate SourceMap
<s> [webpack.Progress] 92% sealing asset processing SourceMapDevToolPlugin static/css/stories-select-stories.0d30ec64.chunk.css generated SourceMap
<s> [webpack.Progress] 92% sealing asset processing SourceMapDevToolPlugin stories-select-stories.4117a919.iframe.bundle.js generate SourceMap
<s> [webpack.Progress] 92% sealing asset processing SourceMapDevToolPlugin stories-select-stories.4117a919.iframe.bundle.js generated SourceMap
<s> [webpack.Progress] 92% sealing asset processing SourceMapDevToolPlugin static/css/stories-slider-stories.0d30ec64.chunk.css generate SourceMap
<s> [webpack.Progress] 92% sealing asset processing SourceMapDevToolPlugin static/css/stories-slider-stories.0d30ec64.chunk.css generated SourceMap
<s> [webpack.Progress] 92% sealing asset processing SourceMapDevToolPlugin stories-slider-stories.d1238c14.iframe.bundle.js generate SourceMap
<s> [webpack.Progress] 92% sealing asset processing SourceMapDevToolPlugin stories-slider-stories.d1238c14.iframe.bundle.js generated SourceMap
<s> [webpack.Progress] 92% sealing asset processing SourceMapDevToolPlugin static/css/stories-speedDeal-stories.0d30ec64.chunk.css generate SourceMap
<s> [webpack.Progress] 92% sealing asset processing SourceMapDevToolPlugin static/css/stories-speedDeal-stories.0d30ec64.chunk.css generated SourceMap
<s> [webpack.Progress] 92% sealing asset processing SourceMapDevToolPlugin stories-speedDeal-stories.4f720282.iframe.bundle.js generate SourceMap
<s> [webpack.Progress] 92% sealing asset processing SourceMapDevToolPlugin stories-speedDeal-stories.4f720282.iframe.bundle.js generated SourceMap
<s> [webpack.Progress] 92% sealing asset processing SourceMapDevToolPlugin static/css/stories-switch-stories.0d30ec64.chunk.css generate SourceMap
<s> [webpack.Progress] 92% sealing asset processing SourceMapDevToolPlugin static/css/stories-switch-stories.0d30ec64.chunk.css generated SourceMap
<s> [webpack.Progress] 92% sealing asset processing SourceMapDevToolPlugin stories-switch-stories.637885d3.iframe.bundle.js generate SourceMap
<s> [webpack.Progress] 92% sealing asset processing SourceMapDevToolPlugin stories-switch-stories.637885d3.iframe.bundle.js generated SourceMap
<s> [webpack.Progress] 92% sealing asset processing SourceMapDevToolPlugin static/css/stories-table-stories.0d30ec64.chunk.css generate SourceMap
<s> [webpack.Progress] 92% sealing asset processing SourceMapDevToolPlugin static/css/stories-table-stories.0d30ec64.chunk.css generated SourceMap
<s> [webpack.Progress] 92% sealing asset processing SourceMapDevToolPlugin stories-table-stories.a4dde17e.iframe.bundle.js generate SourceMap
<s> [webpack.Progress] 92% sealing asset processing SourceMapDevToolPlugin stories-table-stories.a4dde17e.iframe.bundle.js generated SourceMap
<s> [webpack.Progress] 92% sealing asset processing SourceMapDevToolPlugin static/css/stories-tabs-stories.0d30ec64.chunk.css generate SourceMap
<s> [webpack.Progress] 92% sealing asset processing SourceMapDevToolPlugin static/css/stories-tabs-stories.0d30ec64.chunk.css generated SourceMap
<s> [webpack.Progress] 92% sealing asset processing SourceMapDevToolPlugin stories-tabs-stories.9bbf1a75.iframe.bundle.js generate SourceMap
<s> [webpack.Progress] 92% sealing asset processing SourceMapDevToolPlugin stories-tabs-stories.9bbf1a75.iframe.bundle.js generated SourceMap
<s> [webpack.Progress] 92% sealing asset processing SourceMapDevToolPlugin static/css/stories-textfield-stories.0d30ec64.chunk.css generate SourceMap
<s> [webpack.Progress] 92% sealing asset processing SourceMapDevToolPlugin static/css/stories-textfield-stories.0d30ec64.chunk.css generated SourceMap
<s> [webpack.Progress] 92% sealing asset processing SourceMapDevToolPlugin stories-textfield-stories.eeaad2e5.iframe.bundle.js generate SourceMap
<s> [webpack.Progress] 92% sealing asset processing SourceMapDevToolPlugin stories-textfield-stories.eeaad2e5.iframe.bundle.js generated SourceMap
<s> [webpack.Progress] 92% sealing asset processing SourceMapDevToolPlugin static/css/stories-toast-ToastNotification-stories.0d30ec64.chunk.css generate SourceMap
<s> [webpack.Progress] 92% sealing asset processing SourceMapDevToolPlugin static/css/stories-toast-ToastNotification-stories.0d30ec64.chunk.css generated SourceMap
<s> [webpack.Progress] 92% sealing asset processing SourceMapDevToolPlugin stories-toast-ToastNotification-stories.ea728c9e.iframe.bundle.js generate SourceMap
<s> [webpack.Progress] 92% sealing asset processing SourceMapDevToolPlugin stories-toast-ToastNotification-stories.ea728c9e.iframe.bundle.js generated SourceMap
<s> [webpack.Progress] 92% sealing asset processing SourceMapDevToolPlugin 3049.df1878d5.iframe.bundle.js generate SourceMap
<s> [webpack.Progress] 92% sealing asset processing SourceMapDevToolPlugin 3049.df1878d5.iframe.bundle.js generated SourceMap
<s> [webpack.Progress] 92% sealing asset processing SourceMapDevToolPlugin 1729.d925589b.iframe.bundle.js generate SourceMap
<s> [webpack.Progress] 92% sealing asset processing SourceMapDevToolPlugin 1729.d925589b.iframe.bundle.js generated SourceMap
<s> [webpack.Progress] 92% sealing asset processing SourceMapDevToolPlugin 9296.cff58ea8.iframe.bundle.js generate SourceMap
<s> [webpack.Progress] 92% sealing asset processing SourceMapDevToolPlugin 9296.cff58ea8.iframe.bundle.js generated SourceMap
<s> [webpack.Progress] 92% sealing asset processing SourceMapDevToolPlugin 3426.50e2df8f.iframe.bundle.js generate SourceMap
<s> [webpack.Progress] 92% sealing asset processing SourceMapDevToolPlugin 3426.50e2df8f.iframe.bundle.js generated SourceMap
<s> [webpack.Progress] 92% sealing asset processing SourceMapDevToolPlugin 1984.494fc7ae.iframe.bundle.js generate SourceMap
<s> [webpack.Progress] 92% sealing asset processing SourceMapDevToolPlugin 1984.494fc7ae.iframe.bundle.js generated SourceMap
<s> [webpack.Progress] 92% sealing asset processing SourceMapDevToolPlugin 9433.458ac8ba.iframe.bundle.js generate SourceMap
<s> [webpack.Progress] 92% sealing asset processing SourceMapDevToolPlugin 9433.458ac8ba.iframe.bundle.js generated SourceMap
<s> [webpack.Progress] 92% sealing asset processing SourceMapDevToolPlugin 6788.e9ce8f9e.iframe.bundle.js generate SourceMap
<s> [webpack.Progress] 92% sealing asset processing SourceMapDevToolPlugin 6788.e9ce8f9e.iframe.bundle.js generated SourceMap
<s> [webpack.Progress] 92% sealing asset processing SourceMapDevToolPlugin static/css/163.1fba2a42.chunk.css generate SourceMap
<s> [webpack.Progress] 92% sealing asset processing SourceMapDevToolPlugin static/css/163.1fba2a42.chunk.css generated SourceMap
<s> [webpack.Progress] 92% sealing asset processing SourceMapDevToolPlugin 6637.d82a681d.iframe.bundle.js generate SourceMap
<s> [webpack.Progress] 92% sealing asset processing SourceMapDevToolPlugin 6637.d82a681d.iframe.bundle.js generated SourceMap
<s> [webpack.Progress] 92% sealing asset processing SourceMapDevToolPlugin 1997.bdfb8bc5.iframe.bundle.js generate SourceMap
<s> [webpack.Progress] 92% sealing asset processing SourceMapDevToolPlugin 1997.bdfb8bc5.iframe.bundle.js generated SourceMap
<s> [webpack.Progress] 92% sealing asset processing SourceMapDevToolPlugin 4363.46ce75a0.iframe.bundle.js generate SourceMap
<s> [webpack.Progress] 92% sealing asset processing SourceMapDevToolPlugin 4363.46ce75a0.iframe.bundle.js generated SourceMap
<s> [webpack.Progress] 92% sealing asset processing SourceMapDevToolPlugin 2301.12a2ce45.iframe.bundle.js generate SourceMap
<s> [webpack.Progress] 92% sealing asset processing SourceMapDevToolPlugin 2301.12a2ce45.iframe.bundle.js generated SourceMap
<s> [webpack.Progress] 92% sealing asset processing SourceMapDevToolPlugin 9939.f2c46723.iframe.bundle.js generate SourceMap
<s> [webpack.Progress] 92% sealing asset processing SourceMapDevToolPlugin 9939.f2c46723.iframe.bundle.js generated SourceMap
<s> [webpack.Progress] 92% sealing asset processing SourceMapDevToolPlugin 89.f70cd13a.iframe.bundle.js generate SourceMap
<s> [webpack.Progress] 92% sealing asset processing SourceMapDevToolPlugin 89.f70cd13a.iframe.bundle.js generated SourceMap
<s> [webpack.Progress] 92% sealing asset processing SourceMapDevToolPlugin 1354.e975c059.iframe.bundle.js generate SourceMap
<s> [webpack.Progress] 92% sealing asset processing SourceMapDevToolPlugin 1354.e975c059.iframe.bundle.js generated SourceMap
<s> [webpack.Progress] 92% sealing asset processing SourceMapDevToolPlugin 2977.3751fc9f.iframe.bundle.js generate SourceMap
<s> [webpack.Progress] 92% sealing asset processing SourceMapDevToolPlugin 2977.3751fc9f.iframe.bundle.js generated SourceMap
<s> [webpack.Progress] 92% sealing asset processing SourceMapDevToolPlugin 418.d06b1893.iframe.bundle.js generate SourceMap
<s> [webpack.Progress] 92% sealing asset processing SourceMapDevToolPlugin 418.d06b1893.iframe.bundle.js generated SourceMap
<s> [webpack.Progress] 92% sealing asset processing SourceMapDevToolPlugin 2067.a506a4dd.iframe.bundle.js generate SourceMap
<s> [webpack.Progress] 92% sealing asset processing SourceMapDevToolPlugin 2067.a506a4dd.iframe.bundle.js generated SourceMap
<s> [webpack.Progress] 92% sealing asset processing SourceMapDevToolPlugin 1098.0b922f3c.iframe.bundle.js generate SourceMap
<s> [webpack.Progress] 92% sealing asset processing SourceMapDevToolPlugin 1098.0b922f3c.iframe.bundle.js generated SourceMap
<s> [webpack.Progress] 92% sealing asset processing SourceMapDevToolPlugin 4226.d3ecf69a.iframe.bundle.js generate SourceMap
<s> [webpack.Progress] 92% sealing asset processing SourceMapDevToolPlugin 4226.d3ecf69a.iframe.bundle.js generated SourceMap
<s> [webpack.Progress] 92% sealing asset processing SourceMapDevToolPlugin 200.4b78e94c.iframe.bundle.js generate SourceMap
<s> [webpack.Progress] 92% sealing asset processing SourceMapDevToolPlugin 200.4b78e94c.iframe.bundle.js generated SourceMap
<s> [webpack.Progress] 92% sealing asset processing SourceMapDevToolPlugin 2155.a1adacbf.iframe.bundle.js generate SourceMap
<s> [webpack.Progress] 92% sealing asset processing SourceMapDevToolPlugin 2155.a1adacbf.iframe.bundle.js generated SourceMap
<s> [webpack.Progress] 92% sealing asset processing SourceMapDevToolPlugin 24.a507c6fd.iframe.bundle.js generate SourceMap
<s> [webpack.Progress] 92% sealing asset processing SourceMapDevToolPlugin 24.a507c6fd.iframe.bundle.js generated SourceMap
<s> [webpack.Progress] 92% sealing asset processing SourceMapDevToolPlugin 1603.7cef6c85.iframe.bundle.js generate SourceMap
<s> [webpack.Progress] 92% sealing asset processing SourceMapDevToolPlugin 1603.7cef6c85.iframe.bundle.js generated SourceMap
<s> [webpack.Progress] 92% sealing asset processing SourceMapDevToolPlugin 4465.f4ffe8df.iframe.bundle.js generate SourceMap
<s> [webpack.Progress] 92% sealing asset processing SourceMapDevToolPlugin 4465.f4ffe8df.iframe.bundle.js generated SourceMap
<s> [webpack.Progress] 92% sealing asset processing SourceMapDevToolPlugin 7420.9d6ba00f.iframe.bundle.js generate SourceMap
<s> [webpack.Progress] 92% sealing asset processing SourceMapDevToolPlugin 7420.9d6ba00f.iframe.bundle.js generated SourceMap
<s> [webpack.Progress] 92% sealing asset processing SourceMapDevToolPlugin 7570.5a778d64.iframe.bundle.js generate SourceMap
<s> [webpack.Progress] 92% sealing asset processing SourceMapDevToolPlugin 7570.5a778d64.iframe.bundle.js generated SourceMap
<s> [webpack.Progress] 92% sealing asset processing SourceMapDevToolPlugin 8787.8cafcf78.iframe.bundle.js generate SourceMap
<s> [webpack.Progress] 92% sealing asset processing SourceMapDevToolPlugin 8787.8cafcf78.iframe.bundle.js generated SourceMap
<s> [webpack.Progress] 92% sealing asset processing SourceMapDevToolPlugin 9230.4187f1c4.iframe.bundle.js generate SourceMap
<s> [webpack.Progress] 92% sealing asset processing SourceMapDevToolPlugin 9230.4187f1c4.iframe.bundle.js generated SourceMap
<s> [webpack.Progress] 92% sealing asset processing SourceMapDevToolPlugin 8578.54d2465c.iframe.bundle.js generate SourceMap
<s> [webpack.Progress] 92% sealing asset processing SourceMapDevToolPlugin 8578.54d2465c.iframe.bundle.js generated SourceMap
<s> [webpack.Progress] 92% sealing asset processing SourceMapDevToolPlugin 4236.e8e9fd38.iframe.bundle.js generate SourceMap
<s> [webpack.Progress] 92% sealing asset processing SourceMapDevToolPlugin 4236.e8e9fd38.iframe.bundle.js generated SourceMap
<s> [webpack.Progress] 92% sealing asset processing SourceMapDevToolPlugin resolve sources
<s> [webpack.Progress] 92% sealing asset processing SourceMapDevToolPlugin static/css/stories-FooterAction-footerAction-stories.602ac88b.chunk.css attach SourceMap
<s> [webpack.Progress] 92% sealing asset processing SourceMapDevToolPlugin static/css/stories-FooterAction-footerAction-stories.602ac88b.chunk.css attached SourceMap
<s> [webpack.Progress] 92% sealing asset processing SourceMapDevToolPlugin static/css/stories-acordion-stories.0d30ec64.chunk.css attach SourceMap
<s> [webpack.Progress] 92% sealing asset processing SourceMapDevToolPlugin static/css/stories-acordion-stories.0d30ec64.chunk.css attached SourceMap
<s> [webpack.Progress] 92% sealing asset processing SourceMapDevToolPlugin static/css/stories-autocomplete-stories.0d30ec64.chunk.css attach SourceMap
<s> [webpack.Progress] 92% sealing asset processing SourceMapDevToolPlugin static/css/stories-autocomplete-stories.0d30ec64.chunk.css attached SourceMap
<s> [webpack.Progress] 92% sealing asset processing SourceMapDevToolPlugin static/css/stories-avatar-stories.0d30ec64.chunk.css attach SourceMap
<s> [webpack.Progress] 92% sealing asset processing SourceMapDevToolPlugin static/css/stories-avatar-stories.0d30ec64.chunk.css attached SourceMap
<s> [webpack.Progress] 92% sealing asset processing SourceMapDevToolPlugin static/css/stories-button-stories.0d30ec64.chunk.css attach SourceMap
<s> [webpack.Progress] 92% sealing asset processing SourceMapDevToolPlugin static/css/stories-button-stories.0d30ec64.chunk.css attached SourceMap
<s> [webpack.Progress] 92% sealing asset processing SourceMapDevToolPlugin static/css/stories-buttonGroup-stories.0d30ec64.chunk.css attach SourceMap
<s> [webpack.Progress] 92% sealing asset processing SourceMapDevToolPlugin static/css/stories-buttonGroup-stories.0d30ec64.chunk.css attached SourceMap
<s> [webpack.Progress] 92% sealing asset processing SourceMapDevToolPlugin static/css/stories-buttonToggle-stories.0d30ec64.chunk.css attach SourceMap
<s> [webpack.Progress] 92% sealing asset processing SourceMapDevToolPlugin static/css/stories-buttonToggle-stories.0d30ec64.chunk.css attached SourceMap
<s> [webpack.Progress] 92% sealing asset processing SourceMapDevToolPlugin static/css/stories-checkbox-stories.0d30ec64.chunk.css attach SourceMap
<s> [webpack.Progress] 92% sealing asset processing SourceMapDevToolPlugin static/css/stories-checkbox-stories.0d30ec64.chunk.css attached SourceMap
<s> [webpack.Progress] 92% sealing asset processing SourceMapDevToolPlugin static/css/stories-chip-stories.0d30ec64.chunk.css attach SourceMap
<s> [webpack.Progress] 92% sealing asset processing SourceMapDevToolPlugin static/css/stories-chip-stories.0d30ec64.chunk.css attached SourceMap
<s> [webpack.Progress] 92% sealing asset processing SourceMapDevToolPlugin static/css/stories-datagrid-stories.bb69aa2f.chunk.css attach SourceMap
<s> [webpack.Progress] 92% sealing asset processing SourceMapDevToolPlugin static/css/stories-datagrid-stories.bb69aa2f.chunk.css attached SourceMap
<s> [webpack.Progress] 92% sealing asset processing SourceMapDevToolPlugin static/css/stories-drawer-drawer-stories.602ac88b.chunk.css attach SourceMap
<s> [webpack.Progress] 92% sealing asset processing SourceMapDevToolPlugin static/css/stories-drawer-drawer-stories.602ac88b.chunk.css attached SourceMap
<s> [webpack.Progress] 92% sealing asset processing SourceMapDevToolPlugin static/css/stories-fab-stories.0d30ec64.chunk.css attach SourceMap
<s> [webpack.Progress] 92% sealing asset processing SourceMapDevToolPlugin static/css/stories-fab-stories.0d30ec64.chunk.css attached SourceMap
<s> [webpack.Progress] 92% sealing asset processing SourceMapDevToolPlugin static/css/stories-icons-stories.0d30ec64.chunk.css attach SourceMap
<s> [webpack.Progress] 92% sealing asset processing SourceMapDevToolPlugin static/css/stories-icons-stories.0d30ec64.chunk.css attached SourceMap
<s> [webpack.Progress] 92% sealing asset processing SourceMapDevToolPlugin static/css/stories-list-stories.0d30ec64.chunk.css attach SourceMap
<s> [webpack.Progress] 92% sealing asset processing SourceMapDevToolPlugin static/css/stories-list-stories.0d30ec64.chunk.css attached SourceMap
<s> [webpack.Progress] 92% sealing asset processing SourceMapDevToolPlugin static/css/stories-menu-stories.0d30ec64.chunk.css attach SourceMap
<s> [webpack.Progress] 92% sealing asset processing SourceMapDevToolPlugin static/css/stories-menu-stories.0d30ec64.chunk.css attached SourceMap
<s> [webpack.Progress] 92% sealing asset processing SourceMapDevToolPlugin static/css/stories-pageHeader-PageHeader-stories.0d30ec64.chunk.css attach SourceMap
<s> [webpack.Progress] 92% sealing asset processing SourceMapDevToolPlugin static/css/stories-pageHeader-PageHeader-stories.0d30ec64.chunk.css attached SourceMap
<s> [webpack.Progress] 92% sealing asset processing SourceMapDevToolPlugin static/css/stories-pagination-stories.0d30ec64.chunk.css attach SourceMap
<s> [webpack.Progress] 92% sealing asset processing SourceMapDevToolPlugin static/css/stories-pagination-stories.0d30ec64.chunk.css attached SourceMap
<s> [webpack.Progress] 92% sealing asset processing SourceMapDevToolPlugin static/css/stories-poper-stories.0d30ec64.chunk.css attach SourceMap
<s> [webpack.Progress] 92% sealing asset processing SourceMapDevToolPlugin static/css/stories-poper-stories.0d30ec64.chunk.css attached SourceMap
<s> [webpack.Progress] 92% sealing asset processing SourceMapDevToolPlugin static/css/stories-popover-stories.0d30ec64.chunk.css attach SourceMap
<s> [webpack.Progress] 92% sealing asset processing SourceMapDevToolPlugin static/css/stories-popover-stories.0d30ec64.chunk.css attached SourceMap
<s> [webpack.Progress] 92% sealing asset processing SourceMapDevToolPlugin static/css/stories-progress-stories.0d30ec64.chunk.css attach SourceMap
<s> [webpack.Progress] 92% sealing asset processing SourceMapDevToolPlugin static/css/stories-progress-stories.0d30ec64.chunk.css attached SourceMap
<s> [webpack.Progress] 92% sealing asset processing SourceMapDevToolPlugin stories-progress-stories.02640f81.iframe.bundle.js attach SourceMap
<s> [webpack.Progress] 92% sealing asset processing SourceMapDevToolPlugin stories-progress-stories.02640f81.iframe.bundle.js attached SourceMap
<s> [webpack.Progress] 92% sealing asset processing SourceMapDevToolPlugin static/css/stories-radio-stories.0d30ec64.chunk.css attach SourceMap
<s> [webpack.Progress] 92% sealing asset processing SourceMapDevToolPlugin static/css/stories-radio-stories.0d30ec64.chunk.css attached SourceMap
<s> [webpack.Progress] 92% sealing asset processing SourceMapDevToolPlugin static/css/stories-select-stories.0d30ec64.chunk.css attach SourceMap
<s> [webpack.Progress] 92% sealing asset processing SourceMapDevToolPlugin static/css/stories-select-stories.0d30ec64.chunk.css attached SourceMap
<s> [webpack.Progress] 92% sealing asset processing SourceMapDevToolPlugin static/css/stories-slider-stories.0d30ec64.chunk.css attach SourceMap
<s> [webpack.Progress] 92% sealing asset processing SourceMapDevToolPlugin static/css/stories-slider-stories.0d30ec64.chunk.css attached SourceMap
<s> [webpack.Progress] 92% sealing asset processing SourceMapDevToolPlugin static/css/stories-speedDeal-stories.0d30ec64.chunk.css attach SourceMap
<s> [webpack.Progress] 92% sealing asset processing SourceMapDevToolPlugin static/css/stories-speedDeal-stories.0d30ec64.chunk.css attached SourceMap
<s> [webpack.Progress] 92% sealing asset processing SourceMapDevToolPlugin static/css/stories-switch-stories.0d30ec64.chunk.css attach SourceMap
<s> [webpack.Progress] 92% sealing asset processing SourceMapDevToolPlugin static/css/stories-switch-stories.0d30ec64.chunk.css attached SourceMap
<s> [webpack.Progress] 92% sealing asset processing SourceMapDevToolPlugin static/css/stories-table-stories.0d30ec64.chunk.css attach SourceMap
<s> [webpack.Progress] 92% sealing asset processing SourceMapDevToolPlugin static/css/stories-table-stories.0d30ec64.chunk.css attached SourceMap
<s> [webpack.Progress] 92% sealing asset processing SourceMapDevToolPlugin static/css/stories-tabs-stories.0d30ec64.chunk.css attach SourceMap
<s> [webpack.Progress] 92% sealing asset processing SourceMapDevToolPlugin static/css/stories-tabs-stories.0d30ec64.chunk.css attached SourceMap
<s> [webpack.Progress] 92% sealing asset processing SourceMapDevToolPlugin static/css/stories-textfield-stories.0d30ec64.chunk.css attach SourceMap
<s> [webpack.Progress] 92% sealing asset processing SourceMapDevToolPlugin static/css/stories-textfield-stories.0d30ec64.chunk.css attached SourceMap
<s> [webpack.Progress] 92% sealing asset processing SourceMapDevToolPlugin static/css/stories-toast-ToastNotification-stories.0d30ec64.chunk.css attach SourceMap
<s> [webpack.Progress] 92% sealing asset processing SourceMapDevToolPlugin static/css/stories-toast-ToastNotification-stories.0d30ec64.chunk.css attached SourceMap
<s> [webpack.Progress] 92% sealing asset processing SourceMapDevToolPlugin 3426.50e2df8f.iframe.bundle.js attach SourceMap
<s> [webpack.Progress] 92% sealing asset processing SourceMapDevToolPlugin 3426.50e2df8f.iframe.bundle.js attached SourceMap
<s> [webpack.Progress] 92% sealing asset processing SourceMapDevToolPlugin static/css/163.1fba2a42.chunk.css attach SourceMap
<s> [webpack.Progress] 92% sealing asset processing SourceMapDevToolPlugin static/css/163.1fba2a42.chunk.css attached SourceMap
<s> [webpack.Progress] 92% sealing asset processing SourceMapDevToolPlugin 6637.d82a681d.iframe.bundle.js attach SourceMap
<s> [webpack.Progress] 92% sealing asset processing SourceMapDevToolPlugin 6637.d82a681d.iframe.bundle.js attached SourceMap
<s> [webpack.Progress] 92% sealing asset processing SourceMapDevToolPlugin 9939.f2c46723.iframe.bundle.js attach SourceMap
<s> [webpack.Progress] 92% sealing asset processing SourceMapDevToolPlugin 9939.f2c46723.iframe.bundle.js attached SourceMap
<s> [webpack.Progress] 92% sealing asset processing SourceMapDevToolPlugin 89.f70cd13a.iframe.bundle.js attach SourceMap
<s> [webpack.Progress] 92% sealing asset processing SourceMapDevToolPlugin 89.f70cd13a.iframe.bundle.js attached SourceMap
<s> [webpack.Progress] 92% sealing asset processing SourceMapDevToolPlugin 200.4b78e94c.iframe.bundle.js attach SourceMap
<s> [webpack.Progress] 92% sealing asset processing SourceMapDevToolPlugin 200.4b78e94c.iframe.bundle.js attached SourceMap
<s> [webpack.Progress] 92% sealing asset processing SourceMapDevToolPlugin 2155.a1adacbf.iframe.bundle.js attach SourceMap
<s> [webpack.Progress] 92% sealing asset processing SourceMapDevToolPlugin 2155.a1adacbf.iframe.bundle.js attached SourceMap
<s> [webpack.Progress] 92% sealing asset processing SourceMapDevToolPlugin 8787.8cafcf78.iframe.bundle.js attach SourceMap
<s> [webpack.Progress] 92% sealing asset processing SourceMapDevToolPlugin 8787.8cafcf78.iframe.bundle.js attached SourceMap
<s> [webpack.Progress] 92% sealing asset processing SourceMapDevToolPlugin
<s> [webpack.Progress] 92% sealing asset processing SourceMapDevToolPlugin
<s> [webpack.Progress] 92% sealing asset processing SourceMapDevToolPlugin resolve sources
<s> [webpack.Progress] 92% sealing asset processing SourceMapDevToolPlugin
<s> [webpack.Progress] 92% sealing asset processing HtmlWebpackPlugin
<s> [webpack.Progress] 92% sealing asset processing HtmlWebpackPlugin
<s> [webpack.Progress] 92% sealing asset processing HtmlWebpackPlugin resolve sources
<s> [webpack.Progress] 92% sealing asset processing HtmlWebpackPlugin
<s> [webpack.Progress] 92% sealing asset processing RealContentHashPlugin
<s> [webpack.Progress] 92% sealing asset processing RealContentHashPlugin
<s> [webpack.Progress] 92% sealing asset processing RealContentHashPlugin main.14d95820.iframe.bundle.js generate SourceMap
<s> [webpack.Progress] 92% sealing asset processing RealContentHashPlugin main.14d95820.iframe.bundle.js generated SourceMap
<s> [webpack.Progress] 92% sealing asset processing RealContentHashPlugin runtime~main.a4b2e8e3.iframe.bundle.js generate SourceMap
<s> [webpack.Progress] 92% sealing asset processing RealContentHashPlugin runtime~main.a4b2e8e3.iframe.bundle.js generated SourceMap
<s> [webpack.Progress] 92% sealing asset processing RealContentHashPlugin stories-FooterAction-footerAction-stories.e4fdc0d0.iframe.bundle.js generate SourceMap
<s> [webpack.Progress] 92% sealing asset processing RealContentHashPlugin stories-FooterAction-footerAction-stories.e4fdc0d0.iframe.bundle.js generated SourceMap
<s> [webpack.Progress] 92% sealing asset processing RealContentHashPlugin stories-acordion-stories.3e314087.iframe.bundle.js generate SourceMap
<s> [webpack.Progress] 92% sealing asset processing RealContentHashPlugin stories-acordion-stories.3e314087.iframe.bundle.js generated SourceMap
<s> [webpack.Progress] 92% sealing asset processing RealContentHashPlugin stories-autocomplete-stories.3484abf8.iframe.bundle.js generate SourceMap
<s> [webpack.Progress] 92% sealing asset processing RealContentHashPlugin stories-autocomplete-stories.3484abf8.iframe.bundle.js generated SourceMap
<s> [webpack.Progress] 92% sealing asset processing RealContentHashPlugin stories-avatar-stories.f4174e9c.iframe.bundle.js generate SourceMap
<s> [webpack.Progress] 92% sealing asset processing RealContentHashPlugin stories-avatar-stories.f4174e9c.iframe.bundle.js generated SourceMap
<s> [webpack.Progress] 92% sealing asset processing RealContentHashPlugin stories-button-stories.805ce0fa.iframe.bundle.js generate SourceMap
<s> [webpack.Progress] 92% sealing asset processing RealContentHashPlugin stories-button-stories.805ce0fa.iframe.bundle.js generated SourceMap
<s> [webpack.Progress] 92% sealing asset processing RealContentHashPlugin stories-buttonGroup-stories.80c791ec.iframe.bundle.js generate SourceMap
<s> [webpack.Progress] 92% sealing asset processing RealContentHashPlugin stories-buttonGroup-stories.80c791ec.iframe.bundle.js generated SourceMap
<s> [webpack.Progress] 92% sealing asset processing RealContentHashPlugin stories-checkbox-stories.259391b2.iframe.bundle.js generate SourceMap
<s> [webpack.Progress] 92% sealing asset processing RealContentHashPlugin stories-checkbox-stories.259391b2.iframe.bundle.js generated SourceMap
<s> [webpack.Progress] 92% sealing asset processing RealContentHashPlugin stories-chip-stories.77b4b497.iframe.bundle.js generate SourceMap
<s> [webpack.Progress] 92% sealing asset processing RealContentHashPlugin stories-chip-stories.77b4b497.iframe.bundle.js generated SourceMap
<s> [webpack.Progress] 92% sealing asset processing RealContentHashPlugin stories-datagrid-stories.225f2584.iframe.bundle.js generate SourceMap
<s> [webpack.Progress] 92% sealing asset processing RealContentHashPlugin stories-datagrid-stories.225f2584.iframe.bundle.js generated SourceMap
<s> [webpack.Progress] 92% sealing asset processing RealContentHashPlugin stories-drawer-drawer-stories.9bab362c.iframe.bundle.js generate SourceMap
<s> [webpack.Progress] 92% sealing asset processing RealContentHashPlugin stories-drawer-drawer-stories.9bab362c.iframe.bundle.js generated SourceMap
<s> [webpack.Progress] 92% sealing asset processing RealContentHashPlugin stories-emptyState-EmptyState-stories.30f8101c.iframe.bundle.js generate SourceMap
<s> [webpack.Progress] 92% sealing asset processing RealContentHashPlugin stories-emptyState-EmptyState-stories.30f8101c.iframe.bundle.js generated SourceMap
<s> [webpack.Progress] 92% sealing asset processing RealContentHashPlugin stories-fab-stories.393af14b.iframe.bundle.js generate SourceMap
<s> [webpack.Progress] 92% sealing asset processing RealContentHashPlugin stories-fab-stories.393af14b.iframe.bundle.js generated SourceMap
<s> [webpack.Progress] 92% sealing asset processing RealContentHashPlugin stories-icons-stories.4473b234.iframe.bundle.js generate SourceMap
<s> [webpack.Progress] 92% sealing asset processing RealContentHashPlugin stories-icons-stories.4473b234.iframe.bundle.js generated SourceMap
<s> [webpack.Progress] 92% sealing asset processing RealContentHashPlugin stories-list-stories.0919787d.iframe.bundle.js generate SourceMap
<s> [webpack.Progress] 92% sealing asset processing RealContentHashPlugin stories-list-stories.0919787d.iframe.bundle.js generated SourceMap
<s> [webpack.Progress] 92% sealing asset processing RealContentHashPlugin stories-menu-stories.caa86b3a.iframe.bundle.js generate SourceMap
<s> [webpack.Progress] 92% sealing asset processing RealContentHashPlugin stories-menu-stories.caa86b3a.iframe.bundle.js generated SourceMap
<s> [webpack.Progress] 92% sealing asset processing RealContentHashPlugin stories-pageHeader-PageHeader-stories.4296b2d9.iframe.bundle.js generate SourceMap
<s> [webpack.Progress] 92% sealing asset processing RealContentHashPlugin stories-pageHeader-PageHeader-stories.4296b2d9.iframe.bundle.js generated SourceMap
<s> [webpack.Progress] 92% sealing asset processing RealContentHashPlugin stories-pagination-stories.571fb7ed.iframe.bundle.js generate SourceMap
<s> [webpack.Progress] 92% sealing asset processing RealContentHashPlugin stories-pagination-stories.571fb7ed.iframe.bundle.js generated SourceMap
<s> [webpack.Progress] 92% sealing asset processing RealContentHashPlugin stories-poper-stories.8c42a01f.iframe.bundle.js generate SourceMap
<s> [webpack.Progress] 92% sealing asset processing RealContentHashPlugin stories-poper-stories.8c42a01f.iframe.bundle.js generated SourceMap
<s> [webpack.Progress] 92% sealing asset processing RealContentHashPlugin stories-popover-stories.07e32575.iframe.bundle.js generate SourceMap
<s> [webpack.Progress] 92% sealing asset processing RealContentHashPlugin stories-popover-stories.07e32575.iframe.bundle.js generated SourceMap
<s> [webpack.Progress] 92% sealing asset processing RealContentHashPlugin stories-radio-stories.e5a9a23e.iframe.bundle.js generate SourceMap
<s> [webpack.Progress] 92% sealing asset processing RealContentHashPlugin stories-radio-stories.e5a9a23e.iframe.bundle.js generated SourceMap
<s> [webpack.Progress] 92% sealing asset processing RealContentHashPlugin stories-ratign-stories.69067668.iframe.bundle.js generate SourceMap
<s> [webpack.Progress] 92% sealing asset processing RealContentHashPlugin stories-ratign-stories.69067668.iframe.bundle.js generated SourceMap
<s> [webpack.Progress] 92% sealing asset processing RealContentHashPlugin stories-select-stories.ea0e0325.iframe.bundle.js generate SourceMap
<s> [webpack.Progress] 92% sealing asset processing RealContentHashPlugin stories-select-stories.ea0e0325.iframe.bundle.js generated SourceMap
<s> [webpack.Progress] 92% sealing asset processing RealContentHashPlugin stories-slider-stories.ff8bc60f.iframe.bundle.js generate SourceMap
<s> [webpack.Progress] 92% sealing asset processing RealContentHashPlugin stories-slider-stories.ff8bc60f.iframe.bundle.js generated SourceMap
<s> [webpack.Progress] 92% sealing asset processing RealContentHashPlugin stories-speedDeal-stories.1fffb1de.iframe.bundle.js generate SourceMap
<s> [webpack.Progress] 92% sealing asset processing RealContentHashPlugin stories-speedDeal-stories.1fffb1de.iframe.bundle.js generated SourceMap
<s> [webpack.Progress] 92% sealing asset processing RealContentHashPlugin stories-switch-stories.1e23e987.iframe.bundle.js generate SourceMap
<s> [webpack.Progress] 92% sealing asset processing RealContentHashPlugin stories-switch-stories.1e23e987.iframe.bundle.js generated SourceMap
<s> [webpack.Progress] 92% sealing asset processing RealContentHashPlugin stories-table-stories.c4f9851a.iframe.bundle.js generate SourceMap
<s> [webpack.Progress] 92% sealing asset processing RealContentHashPlugin stories-table-stories.c4f9851a.iframe.bundle.js generated SourceMap
<s> [webpack.Progress] 92% sealing asset processing RealContentHashPlugin stories-tabs-stories.7c3d014c.iframe.bundle.js generate SourceMap
<s> [webpack.Progress] 92% sealing asset processing RealContentHashPlugin stories-tabs-stories.7c3d014c.iframe.bundle.js generated SourceMap
<s> [webpack.Progress] 92% sealing asset processing RealContentHashPlugin stories-toast-ToastNotification-stories.9ee2b156.iframe.bundle.js generate SourceMap
<s> [webpack.Progress] 92% sealing asset processing RealContentHashPlugin stories-toast-ToastNotification-stories.9ee2b156.iframe.bundle.js generated SourceMap
<s> [webpack.Progress] 92% sealing asset processing RealContentHashPlugin 3049.44c9d3e7.iframe.bundle.js generate SourceMap
<s> [webpack.Progress] 92% sealing asset processing RealContentHashPlugin 3049.44c9d3e7.iframe.bundle.js generated SourceMap
<s> [webpack.Progress] 92% sealing asset processing RealContentHashPlugin 1729.f46d710d.iframe.bundle.js generate SourceMap
<s> [webpack.Progress] 92% sealing asset processing RealContentHashPlugin 1729.f46d710d.iframe.bundle.js generated SourceMap
<s> [webpack.Progress] 92% sealing asset processing RealContentHashPlugin 9296.46440891.iframe.bundle.js generate SourceMap
<s> [webpack.Progress] 92% sealing asset processing RealContentHashPlugin 9296.46440891.iframe.bundle.js generated SourceMap
<s> [webpack.Progress] 92% sealing asset processing RealContentHashPlugin 1984.03c1c707.iframe.bundle.js generate SourceMap
<s> [webpack.Progress] 92% sealing asset processing RealContentHashPlugin 1984.03c1c707.iframe.bundle.js generated SourceMap
<s> [webpack.Progress] 92% sealing asset processing RealContentHashPlugin 9433.a11c171c.iframe.bundle.js generate SourceMap
<s> [webpack.Progress] 92% sealing asset processing RealContentHashPlugin 9433.a11c171c.iframe.bundle.js generated SourceMap
<s> [webpack.Progress] 92% sealing asset processing RealContentHashPlugin 1997.ac02c055.iframe.bundle.js generate SourceMap
<s> [webpack.Progress] 92% sealing asset processing RealContentHashPlugin 1997.ac02c055.iframe.bundle.js generated SourceMap
<s> [webpack.Progress] 92% sealing asset processing RealContentHashPlugin 4363.b6df50c0.iframe.bundle.js generate SourceMap
<s> [webpack.Progress] 92% sealing asset processing RealContentHashPlugin 4363.b6df50c0.iframe.bundle.js generated SourceMap
<s> [webpack.Progress] 92% sealing asset processing RealContentHashPlugin 1354.d1bc34b2.iframe.bundle.js generate SourceMap
<s> [webpack.Progress] 92% sealing asset processing RealContentHashPlugin 1354.d1bc34b2.iframe.bundle.js generated SourceMap
<s> [webpack.Progress] 92% sealing asset processing RealContentHashPlugin 2977.11884661.iframe.bundle.js generate SourceMap
<s> [webpack.Progress] 92% sealing asset processing RealContentHashPlugin 2977.11884661.iframe.bundle.js generated SourceMap
<s> [webpack.Progress] 92% sealing asset processing RealContentHashPlugin 418.42c7fba2.iframe.bundle.js generate SourceMap
<s> [webpack.Progress] 92% sealing asset processing RealContentHashPlugin 418.42c7fba2.iframe.bundle.js generated SourceMap
<s> [webpack.Progress] 92% sealing asset processing RealContentHashPlugin 2067.205cce7a.iframe.bundle.js generate SourceMap
<s> [webpack.Progress] 92% sealing asset processing RealContentHashPlugin 2067.205cce7a.iframe.bundle.js generated SourceMap
<s> [webpack.Progress] 92% sealing asset processing RealContentHashPlugin 1098.9a276d75.iframe.bundle.js generate SourceMap
<s> [webpack.Progress] 92% sealing asset processing RealContentHashPlugin 1098.9a276d75.iframe.bundle.js generated SourceMap
<s> [webpack.Progress] 92% sealing asset processing RealContentHashPlugin 4226.261214b9.iframe.bundle.js generate SourceMap
<s> [webpack.Progress] 92% sealing asset processing RealContentHashPlugin 4226.261214b9.iframe.bundle.js generated SourceMap
<s> [webpack.Progress] 92% sealing asset processing RealContentHashPlugin 24.bd074902.iframe.bundle.js generate SourceMap
<s> [webpack.Progress] 92% sealing asset processing RealContentHashPlugin 24.bd074902.iframe.bundle.js generated SourceMap
<s> [webpack.Progress] 92% sealing asset processing RealContentHashPlugin 7420.730747f9.iframe.bundle.js generate SourceMap
<s> [webpack.Progress] 92% sealing asset processing RealContentHashPlugin 7420.730747f9.iframe.bundle.js generated SourceMap
<s> [webpack.Progress] 92% sealing asset processing RealContentHashPlugin 7570.943134f9.iframe.bundle.js generate SourceMap
<s> [webpack.Progress] 92% sealing asset processing RealContentHashPlugin 7570.943134f9.iframe.bundle.js generated SourceMap
<s> [webpack.Progress] 92% sealing asset processing RealContentHashPlugin 8578.f0f1078c.iframe.bundle.js generate SourceMap
<s> [webpack.Progress] 92% sealing asset processing RealContentHashPlugin 8578.f0f1078c.iframe.bundle.js generated SourceMap
<s> [webpack.Progress] 92% sealing asset processing RealContentHashPlugin 4236.d8334b6e.iframe.bundle.js generate SourceMap
<s> [webpack.Progress] 92% sealing asset processing RealContentHashPlugin 4236.d8334b6e.iframe.bundle.js generated SourceMap
<s> [webpack.Progress] 92% sealing asset processing RealContentHashPlugin stories-introduccion-Introduction-mdx.5384c224.iframe.bundle.js generate SourceMap
<s> [webpack.Progress] 92% sealing asset processing RealContentHashPlugin stories-introduccion-Introduction-mdx.5384c224.iframe.bundle.js generated SourceMap
<s> [webpack.Progress] 92% sealing asset processing RealContentHashPlugin stories-introduccion-colors-mdx.2ae1dd34.iframe.bundle.js generate SourceMap
<s> [webpack.Progress] 92% sealing asset processing RealContentHashPlugin stories-introduccion-colors-mdx.2ae1dd34.iframe.bundle.js generated SourceMap
<s> [webpack.Progress] 92% sealing asset processing RealContentHashPlugin stories-introduccion-dynamicColor-mdx.5367a9cf.iframe.bundle.js generate SourceMap
<s> [webpack.Progress] 92% sealing asset processing RealContentHashPlugin stories-introduccion-dynamicColor-mdx.5367a9cf.iframe.bundle.js generated SourceMap
<s> [webpack.Progress] 92% sealing asset processing RealContentHashPlugin stories-introduccion-tipografia-react-mdx.6aaf1b59.iframe.bundle.js generate SourceMap
<s> [webpack.Progress] 92% sealing asset processing RealContentHashPlugin stories-introduccion-tipografia-react-mdx.6aaf1b59.iframe.bundle.js generated SourceMap
<s> [webpack.Progress] 92% sealing asset processing RealContentHashPlugin stories-buttonToggle-stories.eef529a4.iframe.bundle.js generate SourceMap
<s> [webpack.Progress] 92% sealing asset processing RealContentHashPlugin stories-buttonToggle-stories.eef529a4.iframe.bundle.js generated SourceMap
<s> [webpack.Progress] 92% sealing asset processing RealContentHashPlugin stories-textfield-stories.bc9191c9.iframe.bundle.js generate SourceMap
<s> [webpack.Progress] 92% sealing asset processing RealContentHashPlugin stories-textfield-stories.bc9191c9.iframe.bundle.js generated SourceMap
<s> [webpack.Progress] 92% sealing asset processing RealContentHashPlugin 6788.bbbdd6b1.iframe.bundle.js generate SourceMap
<s> [webpack.Progress] 92% sealing asset processing RealContentHashPlugin 6788.bbbdd6b1.iframe.bundle.js generated SourceMap
<s> [webpack.Progress] 92% sealing asset processing RealContentHashPlugin 2301.86a461a3.iframe.bundle.js generate SourceMap
<s> [webpack.Progress] 92% sealing asset processing RealContentHashPlugin 2301.86a461a3.iframe.bundle.js generated SourceMap
<s> [webpack.Progress] 92% sealing asset processing RealContentHashPlugin 1603.060f07e0.iframe.bundle.js generate SourceMap
<s> [webpack.Progress] 92% sealing asset processing RealContentHashPlugin 1603.060f07e0.iframe.bundle.js generated SourceMap
<s> [webpack.Progress] 92% sealing asset processing RealContentHashPlugin 4465.7fbd8a27.iframe.bundle.js generate SourceMap
<s> [webpack.Progress] 92% sealing asset processing RealContentHashPlugin 4465.7fbd8a27.iframe.bundle.js generated SourceMap
<s> [webpack.Progress] 92% sealing asset processing RealContentHashPlugin 9230.5c6f95f1.iframe.bundle.js generate SourceMap
<s> [webpack.Progress] 92% sealing asset processing RealContentHashPlugin 9230.5c6f95f1.iframe.bundle.js generated SourceMap
<s> [webpack.Progress] 92% sealing asset processing RealContentHashPlugin resolve sources
<s> [webpack.Progress] 92% sealing asset processing RealContentHashPlugin
<s> [webpack.Progress] 92% sealing asset processing
<s> [webpack.Progress] 93% sealing after asset optimization
<s> [webpack.Progress] 93% sealing after asset optimization
<s> [webpack.Progress] 93% sealing recording
<s> [webpack.Progress] 93% sealing recording
<s> [webpack.Progress] 94% sealing after seal
<s> [webpack.Progress] 94% sealing after seal
<s> [webpack.Progress] 95% emitting emit
<s> [webpack.Progress] 95% emitting emit
<s> [webpack.Progress] 98% emitting after emit
<s> [webpack.Progress] 98% emitting after emit SizeLimitsPlugin
<s> [webpack.Progress] 98% emitting after emit
<s> [webpack.Progress] 99% done plugins
<s> [webpack.Progress] 99% done plugins CaseSensitivePathsPlugin
<s> [webpack.Progress] 99% done plugins ForkTsCheckerWebpackPlugin
<s> [webpack.Progress] 99% done plugins
<s> [webpack.Progress] 99% 

<s> [webpack.Progress] 99% cache store build dependencies
<s> [webpack.Progress] 99% cache store build dependencies
<s> [webpack.Progress] 99% cache begin idle
<s> [webpack.Progress] 99% cache begin idle
<s> [webpack.Progress] 100% 

WARN chunk 163 [mini-css-extract-plugin]
WARN Conflicting order. Following module has been added:
WARN  * css ./node_modules/css-loader/dist/cjs.js??ruleSet[1].rules[5].oneOf[5].use[1]!./node_modules/postcss-loader/dist/cjs.js??ruleSet[1].rules[5].oneOf[5].use[2]!./node_modules/@fontsource/nunito/300.css
WARN despite it was not able to fulfill desired ordering with these modules:
WARN  * css ./node_modules/css-loader/dist/cjs.js??ruleSet[1].rules[5].oneOf[5].use[1]!./node_modules/postcss-loader/dist/cjs.js??ruleSet[1].rules[5].oneOf[5].use[2]!./node_modules/@fontsource/roboto/500.css
WARN    - couldn't fulfill desired order of chunk group(s) stories-FooterAction-footerAction-stories, stories-FooterAction-footerAction-stories-tsx, stories-datagrid-stories, stories-datagrid-stories-tsx, stories-drawer-drawer-stories, stories-drawer-drawer-stories-tsx
WARN    - while fulfilling desired order of chunk group(s) stories-acordion-stories, stories-acordion-stories-tsx, stories-autocomplete-stories, stories-autocomplete-stories-tsx, stories-avatar-stories, stories-avatar-stories-tsx, stories-button-stories, stories-button-stories-tsx, stories-buttonGroup-stories, stories-buttonGroup-stories-tsx, stories-buttonToggle-stories, stories-buttonToggle-stories-tsx, stories-checkbox-stories, stories-checkbox-stories-tsx, stories-chip-stories, stories-chip-stories-tsx, stories-fab-stories, stories-fab-stories-tsx, stories-icons-stories, stories-icons-stories-tsx, stories-list-stories, stories-list-stories-tsx, stories-menu-stories, stories-menu-stories-tsx, stories-pageHeader-PageHeader-stories, stories-pageHeader-PageHeader-stories-tsx, stories-pagination-stories, stories-pagination-stories-tsx, stories-poper-stories, stories-poper-stories-tsx, stories-popover-stories, stories-popover-stories-tsx, stories-progress-stories, stories-progress-stories-tsx, stories-radio-stories, stories-radio-stories-tsx, stories-select-stories, stories-select-stories-tsx, stories-slider-stories, stories-slider-stories-tsx, stories-speedDeal-stories, stories-speedDeal-stories-tsx, stories-switch-stories, stories-switch-stories-tsx, stories-table-stories, stories-table-stories-tsx, stories-tabs-stories, stories-tabs-stories-tsx, stories-textfield-stories, stories-textfield-stories-tsx, stories-toast-ToastNotification-stories, stories-toast-ToastNotification-stories-tsx
WARN  * css ./node_modules/css-loader/dist/cjs.js??ruleSet[1].rules[5].oneOf[5].use[1]!./node_modules/postcss-loader/dist/cjs.js??ruleSet[1].rules[5].oneOf[5].use[2]!./node_modules/@fontsource/roboto/400.css
WARN    - couldn't fulfill desired order of chunk group(s) stories-FooterAction-footerAction-stories, stories-FooterAction-footerAction-stories-tsx, stories-datagrid-stories, stories-datagrid-stories-tsx, stories-drawer-drawer-stories, stories-drawer-drawer-stories-tsx
WARN    - while fulfilling desired order of chunk group(s) stories-acordion-stories, stories-acordion-stories-tsx, stories-autocomplete-stories, stories-autocomplete-stories-tsx, stories-avatar-stories, stories-avatar-stories-tsx, stories-button-stories, stories-button-stories-tsx, stories-buttonGroup-stories, stories-buttonGroup-stories-tsx, stories-buttonToggle-stories, stories-buttonToggle-stories-tsx, stories-checkbox-stories, stories-checkbox-stories-tsx, stories-chip-stories, stories-chip-stories-tsx, stories-fab-stories, stories-fab-stories-tsx, stories-icons-stories, stories-icons-stories-tsx, stories-list-stories, stories-list-stories-tsx, stories-menu-stories, stories-menu-stories-tsx, stories-pageHeader-PageHeader-stories, stories-pageHeader-PageHeader-stories-tsx, stories-pagination-stories, stories-pagination-stories-tsx, stories-poper-stories, stories-poper-stories-tsx, stories-popover-stories, stories-popover-stories-tsx, stories-progress-stories, stories-progress-stories-tsx, stories-radio-stories, stories-radio-stories-tsx, stories-select-stories, stories-select-stories-tsx, stories-slider-stories, stories-slider-stories-tsx, stories-speedDeal-stories, stories-speedDeal-stories-tsx, stories-switch-stories, stories-switch-stories-tsx, stories-table-stories, stories-table-stories-tsx, stories-tabs-stories, stories-tabs-stories-tsx, stories-textfield-stories, stories-textfield-stories-tsx, stories-toast-ToastNotification-stories, stories-toast-ToastNotification-stories-tsx
WARN chunk 163 [mini-css-extract-plugin]
WARN Conflicting order. Following module has been added:
WARN  * css ./node_modules/css-loader/dist/cjs.js??ruleSet[1].rules[5].oneOf[5].use[1]!./node_modules/postcss-loader/dist/cjs.js??ruleSet[1].rules[5].oneOf[5].use[2]!./node_modules/@fontsource/roboto/400.css
WARN despite it was not able to fulfill desired ordering with these modules:
WARN  * css ./node_modules/css-loader/dist/cjs.js??ruleSet[1].rules[5].oneOf[5].use[1]!./node_modules/postcss-loader/dist/cjs.js??ruleSet[1].rules[5].oneOf[5].use[2]!./node_modules/@fontsource/nunito/500.css
WARN    - couldn't fulfill desired order of chunk group(s) stories-acordion-stories, stories-acordion-stories-tsx, stories-autocomplete-stories, stories-autocomplete-stories-tsx, stories-avatar-stories, stories-avatar-stories-tsx, stories-button-stories, stories-button-stories-tsx, stories-buttonGroup-stories, stories-buttonGroup-stories-tsx, stories-buttonToggle-stories, stories-buttonToggle-stories-tsx, stories-checkbox-stories, stories-checkbox-stories-tsx, stories-chip-stories, stories-chip-stories-tsx, stories-fab-stories, stories-fab-stories-tsx, stories-icons-stories, stories-icons-stories-tsx, stories-list-stories, stories-list-stories-tsx, stories-menu-stories, stories-menu-stories-tsx, stories-pageHeader-PageHeader-stories, stories-pageHeader-PageHeader-stories-tsx, stories-pagination-stories, stories-pagination-stories-tsx, stories-poper-stories, stories-poper-stories-tsx, stories-popover-stories, stories-popover-stories-tsx, stories-progress-stories, stories-progress-stories-tsx, stories-radio-stories, stories-radio-stories-tsx, stories-select-stories, stories-select-stories-tsx, stories-slider-stories, stories-slider-stories-tsx, stories-speedDeal-stories, stories-speedDeal-stories-tsx, stories-switch-stories, stories-switch-stories-tsx, stories-table-stories, stories-table-stories-tsx, stories-tabs-stories, stories-tabs-stories-tsx, stories-textfield-stories, stories-textfield-stories-tsx, stories-toast-ToastNotification-stories, stories-toast-ToastNotification-stories-tsx
WARN    - while fulfilling desired order of chunk group(s) stories-FooterAction-footerAction-stories, stories-FooterAction-footerAction-stories-tsx, stories-datagrid-stories, stories-datagrid-stories-tsx, stories-drawer-drawer-stories, stories-drawer-drawer-stories-tsx
WARN  * css ./node_modules/css-loader/dist/cjs.js??ruleSet[1].rules[5].oneOf[5].use[1]!./node_modules/postcss-loader/dist/cjs.js??ruleSet[1].rules[5].oneOf[5].use[2]!./node_modules/@fontsource/nunito/400.css
WARN    - couldn't fulfill desired order of chunk group(s) stories-acordion-stories, stories-acordion-stories-tsx, stories-autocomplete-stories, stories-autocomplete-stories-tsx, stories-avatar-stories, stories-avatar-stories-tsx, stories-button-stories, stories-button-stories-tsx, stories-buttonGroup-stories, stories-buttonGroup-stories-tsx, stories-buttonToggle-stories, stories-buttonToggle-stories-tsx, stories-checkbox-stories, stories-checkbox-stories-tsx, stories-chip-stories, stories-chip-stories-tsx, stories-fab-stories, stories-fab-stories-tsx, stories-icons-stories, stories-icons-stories-tsx, stories-list-stories, stories-list-stories-tsx, stories-menu-stories, stories-menu-stories-tsx, stories-pageHeader-PageHeader-stories, stories-pageHeader-PageHeader-stories-tsx, stories-pagination-stories, stories-pagination-stories-tsx, stories-poper-stories, stories-poper-stories-tsx, stories-popover-stories, stories-popover-stories-tsx, stories-progress-stories, stories-progress-stories-tsx, stories-radio-stories, stories-radio-stories-tsx, stories-select-stories, stories-select-stories-tsx, stories-slider-stories, stories-slider-stories-tsx, stories-speedDeal-stories, stories-speedDeal-stories-tsx, stories-switch-stories, stories-switch-stories-tsx, stories-table-stories, stories-table-stories-tsx, stories-tabs-stories, stories-tabs-stories-tsx, stories-textfield-stories, stories-textfield-stories-tsx, stories-toast-ToastNotification-stories, stories-toast-ToastNotification-stories-tsx
WARN    - while fulfilling desired order of chunk group(s) stories-FooterAction-footerAction-stories, stories-FooterAction-footerAction-stories-tsx, stories-datagrid-stories, stories-datagrid-stories-tsx, stories-drawer-drawer-stories, stories-drawer-drawer-stories-tsx
WARN chunk 163 [mini-css-extract-plugin]
WARN Conflicting order. Following module has been added:
WARN  * css ./node_modules/css-loader/dist/cjs.js??ruleSet[1].rules[5].oneOf[5].use[1]!./node_modules/postcss-loader/dist/cjs.js??ruleSet[1].rules[5].oneOf[5].use[2]!./node_modules/@fontsource/nunito/400.css
WARN despite it was not able to fulfill desired ordering with these modules:
WARN  * css ./node_modules/css-loader/dist/cjs.js??ruleSet[1].rules[5].oneOf[5].use[1]!./node_modules/postcss-loader/dist/cjs.js??ruleSet[1].rules[5].oneOf[5].use[2]!./node_modules/@fontsource/roboto/500.css
WARN    - couldn't fulfill desired order of chunk group(s) stories-FooterAction-footerAction-stories, stories-FooterAction-footerAction-stories-tsx, stories-datagrid-stories, stories-datagrid-stories-tsx, stories-drawer-drawer-stories, stories-drawer-drawer-stories-tsx
WARN    - while fulfilling desired order of chunk group(s) stories-acordion-stories, stories-acordion-stories-tsx, stories-autocomplete-stories, stories-autocomplete-stories-tsx, stories-avatar-stories, stories-avatar-stories-tsx, stories-button-stories, stories-button-stories-tsx, stories-buttonGroup-stories, stories-buttonGroup-stories-tsx, stories-buttonToggle-stories, stories-buttonToggle-stories-tsx, stories-checkbox-stories, stories-checkbox-stories-tsx, stories-chip-stories, stories-chip-stories-tsx, stories-fab-stories, stories-fab-stories-tsx, stories-icons-stories, stories-icons-stories-tsx, stories-list-stories, stories-list-stories-tsx, stories-menu-stories, stories-menu-stories-tsx, stories-pageHeader-PageHeader-stories, stories-pageHeader-PageHeader-stories-tsx, stories-pagination-stories, stories-pagination-stories-tsx, stories-poper-stories, stories-poper-stories-tsx, stories-popover-stories, stories-popover-stories-tsx, stories-progress-stories, stories-progress-stories-tsx, stories-radio-stories, stories-radio-stories-tsx, stories-select-stories, stories-select-stories-tsx, stories-slider-stories, stories-slider-stories-tsx, stories-speedDeal-stories, stories-speedDeal-stories-tsx, stories-switch-stories, stories-switch-stories-tsx, stories-table-stories, stories-table-stories-tsx, stories-tabs-stories, stories-tabs-stories-tsx, stories-textfield-stories, stories-textfield-stories-tsx, stories-toast-ToastNotification-stories, stories-toast-ToastNotification-stories-tsx
WARN chunk 163 [mini-css-extract-plugin]
WARN Conflicting order. Following module has been added:
WARN  * css ./node_modules/css-loader/dist/cjs.js??ruleSet[1].rules[5].oneOf[5].use[1]!./node_modules/postcss-loader/dist/cjs.js??ruleSet[1].rules[5].oneOf[5].use[2]!./node_modules/@fontsource/roboto/500.css
WARN despite it was not able to fulfill desired ordering with these modules:
WARN  * css ./node_modules/css-loader/dist/cjs.js??ruleSet[1].rules[5].oneOf[5].use[1]!./node_modules/postcss-loader/dist/cjs.js??ruleSet[1].rules[5].oneOf[5].use[2]!./node_modules/@fontsource/nunito/500.css
WARN    - couldn't fulfill desired order of chunk group(s) stories-acordion-stories, stories-acordion-stories-tsx, stories-autocomplete-stories, stories-autocomplete-stories-tsx, stories-avatar-stories, stories-avatar-stories-tsx, stories-button-stories, stories-button-stories-tsx, stories-buttonGroup-stories, stories-buttonGroup-stories-tsx, stories-buttonToggle-stories, stories-buttonToggle-stories-tsx, stories-checkbox-stories, stories-checkbox-stories-tsx, stories-chip-stories, stories-chip-stories-tsx, stories-fab-stories, stories-fab-stories-tsx, stories-icons-stories, stories-icons-stories-tsx, stories-list-stories, stories-list-stories-tsx, stories-menu-stories, stories-menu-stories-tsx, stories-pageHeader-PageHeader-stories, stories-pageHeader-PageHeader-stories-tsx, stories-pagination-stories, stories-pagination-stories-tsx, stories-poper-stories, stories-poper-stories-tsx, stories-popover-stories, stories-popover-stories-tsx, stories-progress-stories, stories-progress-stories-tsx, stories-radio-stories, stories-radio-stories-tsx, stories-select-stories, stories-select-stories-tsx, stories-slider-stories, stories-slider-stories-tsx, stories-speedDeal-stories, stories-speedDeal-stories-tsx, stories-switch-stories, stories-switch-stories-tsx, stories-table-stories, stories-table-stories-tsx, stories-tabs-stories, stories-tabs-stories-tsx, stories-textfield-stories, stories-textfield-stories-tsx, stories-toast-ToastNotification-stories, stories-toast-ToastNotification-stories-tsx
WARN    - while fulfilling desired order of chunk group(s) stories-FooterAction-footerAction-stories, stories-FooterAction-footerAction-stories-tsx, stories-datagrid-stories, stories-datagrid-stories-tsx, stories-drawer-drawer-stories, stories-drawer-drawer-stories-tsx
WARN [eslint] 
WARN src\stories\acordion.stories.tsx
WARN   Line 38:14:  The story should use PascalCase notation: button  storybook/prefer-pascal-case
WARN 
WARN src\stories\autocomplete.stories.tsx
WARN   Line 34:14:  The story should use PascalCase notation: button  storybook/prefer-pascal-case
WARN   Line 48:14:  The story should use PascalCase notation: medium  storybook/prefer-pascal-case
WARN 
WARN src\stories\avatar.stories.tsx
WARN   Line 2:18:   'Radio' is defined but never used                 @typescript-eslint/no-unused-vars
WARN   Line 32:14:  The story should use PascalCase notation: button  storybook/prefer-pascal-case
WARN 
WARN src\stories\button.stories.tsx
WARN   Line 33:14:  The story should use PascalCase notation: button          storybook/prefer-pascal-case
WARN   Line 49:14:  The story should use PascalCase notation: buttonWhitIcon  storybook/prefer-pascal-case
WARN 
WARN src\stories\buttonGroup.stories.tsx
WARN   Line 33:14:  The story should use PascalCase notation: button  storybook/prefer-pascal-case
WARN 
WARN src\stories\buttonToggle.stories.tsx
WARN   Line 12:10:  'useState' is defined but never used              @typescript-eslint/no-unused-vars
WARN   Line 84:14:  The story should use PascalCase notation: ratign  storybook/prefer-pascal-case
WARN 
WARN src\stories\checkbox.stories.tsx
WARN   Line 33:14:  The story should use PascalCase notation: button  storybook/prefer-pascal-case
WARN 
WARN src\stories\chip.stories.tsx
WARN   Line 39:14:  The story should use PascalCase notation: button  storybook/prefer-pascal-case
WARN   Line 53:1:   Block is redundant                                no-lone-blocks
WARN   Line 54:1:   Block is redundant                                no-lone-blocks
WARN   Line 55:1:   Block is redundant                                no-lone-blocks
WARN   Line 56:1:   Block is redundant                                no-lone-blocks
WARN 
WARN src\stories\drawer\drawer.stories.tsx
WARN   Line 36:3:  Named exports should not use the name annotation if it is redundant to the name that would be generated by the export name  storybook/no-redundant-story-name
WARN 
WARN src\stories\fab.stories.tsx
WARN   Line 33:7:   'label' is assigned a value but never used        @typescript-eslint/no-unused-vars
WARN   Line 35:14:  The story should use PascalCase notation: fab     storybook/prefer-pascal-case
WARN   Line 56:14:  The story should use PascalCase notation: button  storybook/prefer-pascal-case
WARN 
WARN src\stories\icons.stories.tsx
WARN   Line 33:14:  The story should use PascalCase notation: button  storybook/prefer-pascal-case
WARN 
WARN src\stories\list.stories.tsx
WARN   Line 41:14:  The story should use PascalCase notation: button  storybook/prefer-pascal-case
WARN 
WARN src\stories\menu.stories.tsx
WARN   Line 40:7:   'label' is assigned a value but never used        @typescript-eslint/no-unused-vars
WARN   Line 42:14:  The story should use PascalCase notation: button  storybook/prefer-pascal-case
WARN   Line 78:14:  The story should use PascalCase notation: dense   storybook/prefer-pascal-case
WARN 
WARN src\stories\pagination.stories.tsx
WARN   Line 32:14:  The story should use PascalCase notation: button  storybook/prefer-pascal-case
WARN 
WARN src\stories\poper.stories.tsx
WARN   Line 51:14:  The story should use PascalCase notation: popper  storybook/prefer-pascal-case
WARN 
WARN src\stories\popover.stories.tsx
WARN   Line 2:10:   'Box' is defined but never used                    @typescript-eslint/no-unused-vars
WARN   Line 2:15:   'Button' is defined but never used                 @typescript-eslint/no-unused-vars
WARN   Line 77:14:  The story should use PascalCase notation: popover  storybook/prefer-pascal-case
WARN 
WARN src\stories\progress.stories.tsx
WARN   Line 32:14:  The story should use PascalCase notation: button  storybook/prefer-pascal-case
WARN 
WARN src\stories\radio.stories.tsx
WARN   Line 32:14:  The story should use PascalCase notation: button  storybook/prefer-pascal-case
WARN 
WARN src\stories\ratign.stories.tsx
WARN   Line 24:17:  'setValue' is assigned a value but never used     @typescript-eslint/no-unused-vars
WARN   Line 34:14:  The story should use PascalCase notation: ratign  storybook/prefer-pascal-case
WARN 
WARN src\stories\select.stories.tsx
WARN   Line 7:3:     'SelectChangeEvent' is defined but never used       @typescript-eslint/no-unused-vars
WARN   Line 39:14:   The story should use PascalCase notation: button    storybook/prefer-pascal-case
WARN   Line 75:14:   The story should use PascalCase notation: standard  storybook/prefer-pascal-case
WARN   Line 113:14:  The story should use PascalCase notation: filled    storybook/prefer-pascal-case
WARN 
WARN src\stories\slider.stories.tsx
WARN   Line 32:14:  The story should use PascalCase notation: button  storybook/prefer-pascal-case
WARN 
WARN src\stories\speedDeal.stories.tsx
WARN   Line 33:7:   'label' is assigned a value but never used        @typescript-eslint/no-unused-vars
WARN   Line 40:14:  The story should use PascalCase notation: button  storybook/prefer-pascal-case
WARN 
WARN src\stories\switch.stories.tsx
WARN   Line 33:14:  The story should use PascalCase notation: button  storybook/prefer-pascal-case
WARN 
WARN src\stories\table.stories.tsx
WARN   Line 57:14:  The story should use PascalCase notation: tables  storybook/prefer-pascal-case
WARN   Line 93:14:  The story should use PascalCase notation: table   storybook/prefer-pascal-case
WARN 
WARN src\stories\tabs.stories.tsx
WARN   Line 32:14:  The story should use PascalCase notation: primary  storybook/prefer-pascal-case
WARN 
WARN src\stories\textfield.stories.tsx
WARN   Line 33:14:  The story should use PascalCase notation: primary    storybook/prefer-pascal-case
WARN   Line 42:14:  The story should use PascalCase notation: secondary  storybook/prefer-pascal-case
WARN   Line 52:14:  The story should use PascalCase notation: tercero    storybook/prefer-pascal-case
WARN 
WARN 
WARN asset size limit: The following asset(s) exceed the recommended size limit (244 KiB).
WARN This can impact web performance.
WARN Assets: 
WARN   3426.e703f92f.iframe.bundle.js (583 KiB)
WARN   9939.718773eb.iframe.bundle.js (731 KiB)
WARN   89.0f8c80f5.iframe.bundle.js (310 KiB)
WARN   200.42372682.iframe.bundle.js (712 KiB)
WARN   2155.14ee17fd.iframe.bundle.js (737 KiB)
WARN entrypoint size limit: The following entrypoint(s) combined asset size exceeds the recommended limit (244 KiB). This can impact web performance.
WARN Entrypoints:
WARN   main (762 KiB)
WARN       runtime~main.a4b2e8e3.iframe.bundle.js
WARN       2155.14ee17fd.iframe.bundle.js
WARN       main.14d95820.iframe.bundle.js
WARN 
<s> [webpack.Progress] 99% cache shutdown
<s> [webpack.Progress] 99% cache shutdown
<s> [webpack.Progress] 100% 

info => Preview built (1.6 min)
info => Output directory: C:\Users\DAVID~1.PEA\AppData\Local\Temp\chromatic--20520-t70p5yJRrg03
