
Chromatic CLI v7.6.0
https://www.chromatic.com/docs/cli

Authenticating with Chromatic
    → Connecting to https://index.chromatic.com
Authenticated with Chromatic
    → Using project token '****************d719'
Retrieving git information
‼ Using outdated package
You are using an outdated version of the Chromatic CLI (v7.6.0).
A new major version is available (v11.7.1).
Run npm install chromatic@latest --save-dev to upgrade.
Retrieved git information
    → Commit 'a972efc' on branch 'feature/actualizacion-storybook-angular'; found 1 parent build
Collecting Storybook metadata
Collected Storybook metadata
    → Storybook 7.6.20 for React; using the @storybook/react-webpack5 builder (7.5.2); supported addons found: Links, Essentials, Interactions
Initializing build
Initialized build
    → Build 34 initialized
Building your Storybook
    → Running command: npm run build-storybook -- --output-dir C:\Users\DAVID~1.PEA\AppData\Local\Temp\chromatic--20520-t70p5yJRrg03
Storybook built in 1 minute 52 seconds
    → View build log at C:\Users\david.peña\Desktop\Repo.storybook\StorybookAngular\uikit\build-storybook.log
Publish your built Storybook
    → Validating Storybook files
Publishing your built Storybook
    → Retrieving target location
    → Starting publish
    → [                    ] 0%
    → [                    ] 2%
    → [=                   ] 3%
    → [=                   ] 5%
    → [=                   ] 6%
    → [=                   ] 7%
    → [==                  ] 8%
    → [==                  ] 9%
    → [==                  ] 12%
    → [===                 ] 13%
    → [===                 ] 14%
    → [===                 ] 17%
    → [====                ] 18%
    → [====                ] 20%
    → [====                ] 21%
    → [====                ] 22%
    → [=====               ] 24%
    → [=====               ] 26%
    → [=====               ] 27%
    → [======              ] 28%
    → [======              ] 29%
    → [======              ] 30%
    → [======              ] 31%
    → [======              ] 32%
    → [=======             ] 33%
    → [=======             ] 34%
    → [=======             ] 35%
    → [=======             ] 36%
    → [=======             ] 37%
    → [========            ] 38%
    → [========            ] 40%
    → [========            ] 41%
    → [=========           ] 43%
    → [=========           ] 44%
    → [=========           ] 45%
    → [=========           ] 47%
    → [==========          ] 48%
    → [==========          ] 52%
    → [===========         ] 54%
    → [===========         ] 55%
    → [===========         ] 56%
    → [===========         ] 57%
    → [============        ] 58%
    → [============        ] 59%
    → [============        ] 60%
    → [============        ] 61%
    → [============        ] 62%
    → [=============       ] 63%
    → [=============       ] 65%
    → [=============       ] 66%
    → [==============      ] 68%
    → [==============      ] 69%
    → [==============      ] 70%
    → [===============     ] 73%
    → [===============     ] 76%
    → [===============     ] 77%
    → [================    ] 79%
    → [=================   ] 85%
    → [=================   ] 86%
    → [==================  ] 88%
    → [==================  ] 89%
    → [==================  ] 90%
    → [=================== ] 93%
    → [=================== ] 94%
    → [=================== ] 95%
    → [=================== ] 96%
    → [=================== ] 97%
    → [====================] 98%
    → [====================] 99%
    → [====================] 100%
Publish complete in 5 minutes 45 seconds
    → View your Storybook at https://65400b6a845f4219dbbda334-nilffasiyn.chromatic.com
Verifying your Storybook
    → This may take a few minutes
Started build 34
    → View build details at https://www.chromatic.com/build?appId=65400b6a845f4219dbbda334&number=34
Running 44 tests
    → This may take a few minutes
i Speed up Continuous Integration
Your project is linked to GitHub so Chromatic will report results there.
This means you can pass the --exit-once-uploaded flag to skip waiting for build results.
Read more here: https://www.chromatic.com/docs/cli#chromatic-options
    → [                    ] 1/44  footerAction › FooterAction.. 
    → [====                ] 9/44  ButtonGroup › button 
    → [======              ] 13/44  DataGrid › DataGrid 
    → [========            ] 17/44  fab › fab 
    → [========            ] 18/44  SvgIcon › svgIcon 
    → [==========          ] 21/44  Menu › menu-dense 
    → [=============       ] 29/44  Select › select 
    → [===============     ] 33/44  SpeedDial › SpeedDial 
    → [================    ] 35/44  Table › table-medium 
    → [=================   ] 37/44  Tabs › Tab 
    → [=================== ] 41/44  TextField › textField-standard 
    → [=================== ] 42/44  ToastNotification › Toast-actions 
    → [====================] 43/44  ToastNotification › Toast-seeMore 
× Found 21 visual changes: Review the changes at https://www.chromatic.com/build?appId=65400b6a845f4219dbbda334&number=34

i For CI/CD use cases, this command failed with exit code 1
Pass --exit-zero-on-changes to succeed this command regardless of changes.
Pass --auto-accept-changes to succeed and automatically accept any changes.
